Archive member included to satisfy reference by file (symbol)

C:/ST/STM32CubeIDE_2.0.0/STM32CubeIDE/plugins/com.st.stm32cube.ide.mcu.externaltools.gnu-tools-for-stm32.14.3.rel1.win32_1.0.100.202602081740/tools/bin/../lib/gcc/arm-none-eabi/14.3.1/../../../../arm-none-eabi/lib/thumb/v7e-m+fp/hard\libc_nano.a(libc_a-exit.o)
                              C:/ST/STM32CubeIDE_2.0.0/STM32CubeIDE/plugins/com.st.stm32cube.ide.mcu.externaltools.gnu-tools-for-stm32.14.3.rel1.win32_1.0.100.202602081740/tools/bin/../lib/gcc/arm-none-eabi/14.3.1/../../../../arm-none-eabi/lib/thumb/v7e-m+fp/hard/crt0.o (exit)
C:/ST/STM32CubeIDE_2.0.0/STM32CubeIDE/plugins/com.st.stm32cube.ide.mcu.externaltools.gnu-tools-for-stm32.14.3.rel1.win32_1.0.100.202602081740/tools/bin/../lib/gcc/arm-none-eabi/14.3.1/../../../../arm-none-eabi/lib/thumb/v7e-m+fp/hard\libc_nano.a(libc_a-findfp.o)
                              C:/ST/STM32CubeIDE_2.0.0/STM32CubeIDE/plugins/com.st.stm32cube.ide.mcu.externaltools.gnu-tools-for-stm32.14.3.rel1.win32_1.0.100.202602081740/tools/bin/../lib/gcc/arm-none-eabi/14.3.1/../../../../arm-none-eabi/lib/thumb/v7e-m+fp/hard\libc_nano.a(libc_a-exit.o) (__stdio_exit_handler)
C:/ST/STM32CubeIDE_2.0.0/STM32CubeIDE/plugins/com.st.stm32cube.ide.mcu.externaltools.gnu-tools-for-stm32.14.3.rel1.win32_1.0.100.202602081740/tools/bin/../lib/gcc/arm-none-eabi/14.3.1/../../../../arm-none-eabi/lib/thumb/v7e-m+fp/hard\libc_nano.a(libc_a-fwalk.o)
                              C:/ST/STM32CubeIDE_2.0.0/STM32CubeIDE/plugins/com.st.stm32cube.ide.mcu.externaltools.gnu-tools-for-stm32.14.3.rel1.win32_1.0.100.202602081740/tools/bin/../lib/gcc/arm-none-eabi/14.3.1/../../../../arm-none-eabi/lib/thumb/v7e-m+fp/hard\libc_nano.a(libc_a-findfp.o) (_fwalk_sglue)
C:/ST/STM32CubeIDE_2.0.0/STM32CubeIDE/plugins/com.st.stm32cube.ide.mcu.externaltools.gnu-tools-for-stm32.14.3.rel1.win32_1.0.100.202602081740/tools/bin/../lib/gcc/arm-none-eabi/14.3.1/../../../../arm-none-eabi/lib/thumb/v7e-m+fp/hard\libc_nano.a(libc_a-stdio.o)
                              C:/ST/STM32CubeIDE_2.0.0/STM32CubeIDE/plugins/com.st.stm32cube.ide.mcu.externaltools.gnu-tools-for-stm32.14.3.rel1.win32_1.0.100.202602081740/tools/bin/../lib/gcc/arm-none-eabi/14.3.1/../../../../arm-none-eabi/lib/thumb/v7e-m+fp/hard\libc_nano.a(libc_a-findfp.o) (__sread)
C:/ST/STM32CubeIDE_2.0.0/STM32CubeIDE/plugins/com.st.stm32cube.ide.mcu.externaltools.gnu-tools-for-stm32.14.3.rel1.win32_1.0.100.202602081740/tools/bin/../lib/gcc/arm-none-eabi/14.3.1/../../../../arm-none-eabi/lib/thumb/v7e-m+fp/hard\libc_nano.a(libc_a-memset.o)
                              C:/ST/STM32CubeIDE_2.0.0/STM32CubeIDE/plugins/com.st.stm32cube.ide.mcu.externaltools.gnu-tools-for-stm32.14.3.rel1.win32_1.0.100.202602081740/tools/bin/../lib/gcc/arm-none-eabi/14.3.1/../../../../arm-none-eabi/lib/thumb/v7e-m+fp/hard/crt0.o (memset)
C:/ST/STM32CubeIDE_2.0.0/STM32CubeIDE/plugins/com.st.stm32cube.ide.mcu.externaltools.gnu-tools-for-stm32.14.3.rel1.win32_1.0.100.202602081740/tools/bin/../lib/gcc/arm-none-eabi/14.3.1/../../../../arm-none-eabi/lib/thumb/v7e-m+fp/hard\libc_nano.a(libc_a-closer.o)
                              C:/ST/STM32CubeIDE_2.0.0/STM32CubeIDE/plugins/com.st.stm32cube.ide.mcu.externaltools.gnu-tools-for-stm32.14.3.rel1.win32_1.0.100.202602081740/tools/bin/../lib/gcc/arm-none-eabi/14.3.1/../../../../arm-none-eabi/lib/thumb/v7e-m+fp/hard\libc_nano.a(libc_a-stdio.o) (_close_r)
C:/ST/STM32CubeIDE_2.0.0/STM32CubeIDE/plugins/com.st.stm32cube.ide.mcu.externaltools.gnu-tools-for-stm32.14.3.rel1.win32_1.0.100.202602081740/tools/bin/../lib/gcc/arm-none-eabi/14.3.1/../../../../arm-none-eabi/lib/thumb/v7e-m+fp/hard\libc_nano.a(libc_a-reent.o)
                              C:/ST/STM32CubeIDE_2.0.0/STM32CubeIDE/plugins/com.st.stm32cube.ide.mcu.externaltools.gnu-tools-for-stm32.14.3.rel1.win32_1.0.100.202602081740/tools/bin/../lib/gcc/arm-none-eabi/14.3.1/../../../../arm-none-eabi/lib/thumb/v7e-m+fp/hard\libc_nano.a(libc_a-closer.o) (errno)
C:/ST/STM32CubeIDE_2.0.0/STM32CubeIDE/plugins/com.st.stm32cube.ide.mcu.externaltools.gnu-tools-for-stm32.14.3.rel1.win32_1.0.100.202602081740/tools/bin/../lib/gcc/arm-none-eabi/14.3.1/../../../../arm-none-eabi/lib/thumb/v7e-m+fp/hard\libc_nano.a(libc_a-impure.o)
                              C:/ST/STM32CubeIDE_2.0.0/STM32CubeIDE/plugins/com.st.stm32cube.ide.mcu.externaltools.gnu-tools-for-stm32.14.3.rel1.win32_1.0.100.202602081740/tools/bin/../lib/gcc/arm-none-eabi/14.3.1/../../../../arm-none-eabi/lib/thumb/v7e-m+fp/hard\libc_nano.a(libc_a-reent.o) (_impure_ptr)
C:/ST/STM32CubeIDE_2.0.0/STM32CubeIDE/plugins/com.st.stm32cube.ide.mcu.externaltools.gnu-tools-for-stm32.14.3.rel1.win32_1.0.100.202602081740/tools/bin/../lib/gcc/arm-none-eabi/14.3.1/../../../../arm-none-eabi/lib/thumb/v7e-m+fp/hard\libc_nano.a(libc_a-lseekr.o)
[...]
Memory Configuration

Name             Origin             Length             Attributes
CCMRAM           0x10000000         0x00010000         xrw
RAM              0x20000000         0x00020000         xrw
FLASH            0x08000000         0x00100000         xr
*default*        0x00000000         0xffffffff

Linker script and memory map

LOAD C:/ST/STM32CubeIDE_2.0.0/STM32CubeIDE/plugins/com.st.stm32cube.ide.mcu.externaltools.gnu-tools-for-stm32.14.3.rel1.win32_1.0.100.202602081740/tools/bin/../lib/gcc/arm-none-eabi/14.3.1/thumb/v7e-m+fp/hard/crti.o
LOAD C:/ST/STM32CubeIDE_2.0.0/STM32CubeIDE/plugins/com.st.stm32cube.ide.mcu.externaltools.gnu-tools-for-stm32.14.3.rel1.win32_1.0.100.202602081740/tools/bin/../lib/gcc/arm-none-eabi/14.3.1/thumb/v7e-m+fp/hard/crtbegin.o
LOAD C:/ST/STM32CubeIDE_2.0.0/STM32CubeIDE/plugins/com.st.stm32cube.ide.mcu.externaltools.gnu-tools-for-stm32.14.3.rel1.win32_1.0.100.202602081740/tools/bin/../lib/gcc/arm-none-eabi/14.3.1/../../../../arm-none-eabi/lib/thumb/v7e-m+fp/hard/crt0.o
LOAD ./Core/Src/gpio.o
LOAD ./Core/Src/iwdg.o
LOAD ./Core/Src/main.o
LOAD ./Core/Src/spi.o
LOAD ./Core/Src/stm32f4xx_hal_msp.o
LOAD ./Core/Src/stm32f4xx_it.o
LOAD ./Core/Src/syscalls.o
LOAD ./Core/Src/sysmem.o
LOAD ./Core/Src/system_stm32f4xx.o
LOAD ./Core/Src/tim.o
LOAD ./Core/Src/usart.o
LOAD ./Core/Startup/startup_stm32f407zgtx.o
LOAD ./Drivers/STM32F4xx_HAL_Driver/Src/stm32f4xx_hal.o
LOAD ./Drivers/STM32F4xx_HAL_Driver/Src/stm32f4xx_hal_cortex.o
LOAD ./Drivers/STM32F4xx_HAL_Driver/Src/stm32f4xx_hal_dma.o
LOAD ./Drivers/STM32F4xx_HAL_Driver/Src/stm32f4xx_hal_dma_ex.o
LOAD ./Drivers/STM32F4xx_HAL_Driver/Src/stm32f4xx_hal_exti.o
LOAD ./Drivers/STM32F4xx_HAL_Driver/Src/stm32f4xx_hal_flash.o
LOAD ./Drivers/STM32F4xx_HAL_Driver/Src/stm32f4xx_hal_flash_ex.o
LOAD ./Drivers/STM32F4xx_HAL_Driver/Src/stm32f4xx_hal_flash_ramfunc.o
LOAD ./Drivers/STM32F4xx_HAL_Driver/Src/stm32f4xx_hal_gpio.o
LOAD ./Drivers/STM32F4xx_HAL_Driver/Src/stm32f4xx_hal_iwdg.o
LOAD ./Drivers/STM32F4xx_HAL_Driver/Src/stm32f4xx_hal_pcd.o
LOAD ./Drivers/STM32F4xx_HAL_Driver/Src/stm32f4xx_hal_pcd_ex.o
LOAD ./Drivers/STM32F4xx_HAL_Driver/Src/stm32f4xx_hal_pwr.o
LOAD ./Drivers/STM32F4xx_HAL_Driver/Src/stm32f4xx_hal_pwr_ex.o
LOAD ./Drivers/STM32F4xx_HAL_Driver/Src/stm32f4xx_hal_rcc.o
LOAD ./Drivers/STM32F4xx_HAL_Driver/Src/stm32f4xx_hal_rcc_ex.o
LOAD ./Drivers/STM32F4xx_HAL_Driver/Src/stm32f4xx_hal_spi.o
LOAD ./Drivers/STM32F4xx_HAL_Driver/Src/stm32f4xx_hal_tim.o
LOAD ./Drivers/STM32F4xx_HAL_Driver/Src/stm32f4xx_hal_tim_ex.o
LOAD ./Drivers/STM32F4xx_HAL_Driver/Src/stm32f4xx_hal_uart.o
LOAD ./Drivers/STM32F4xx_HAL_Driver/Src/stm32f4xx_ll_usb.o
LOAD ./Middlewares/ST/STM32_USB_Device_Library/Class/AUDIO/Src/usbd_audio.o
LOAD ./Middlewares/ST/STM32_USB_Device_Library/Core/Src/usbd_core.o
LOAD ./Middlewares/ST/STM32_USB_Device_Library/Core/Src/usbd_ctlreq.o
LOAD ./Middlewares/ST/STM32_USB_Device_Library/Core/Src/usbd_ioreq.o
LOAD ./USB_DEVICE/App/usb_device.o
LOAD ./USB_DEVICE/App/usbd_audio_if.o
LOAD ./USB_DEVICE/App/usbd_desc.o
LOAD ./USB_DEVICE/Target/usbd_conf.o
START GROUP
LOAD C:/ST/STM32CubeIDE_2.0.0/STM32CubeIDE/plugins/com.st.stm32cube.ide.mcu.externaltools.gnu-tools-for-stm32.14.3.rel1.win32_1.0.100.202602081740/tools/bin/../lib/gcc/arm-none-eabi/14.3.1/../../../../arm-none-eabi/lib/thumb/v7e-m+fp/hard\libc_nano.a
LOAD C:/ST/STM32CubeIDE_2.0.0/STM32CubeIDE/plugins/com.st.stm32cube.ide.mcu.externaltools.gnu-tools-for-stm32.14.3.rel1.win32_1.0.100.202602081740/tools/bin/../lib/gcc/arm-none-eabi/14.3.1/../../../../arm-none-eabi/lib/thumb/v7e-m+fp/hard\libm.a
END GROUP
START GROUP
LOAD C:/ST/STM32CubeIDE_2.0.0/STM32CubeIDE/plugins/com.st.stm32cube.ide.mcu.externaltools.gnu-tools-for-stm32.14.3.rel1.win32_1.0.100.202602081740/tools/bin/../lib/gcc/arm-none-eabi/14.3.1/thumb/v7e-m+fp/hard\libgcc.a
LOAD C:/ST/STM32CubeIDE_2.0.0/STM32CubeIDE/plugins/com.st.stm32cube.ide.mcu.externaltools.gnu-tools-for-stm32.14.3.rel1.win32_1.0.100.202602081740/tools/bin/../lib/gcc/arm-none-eabi/14.3.1/../../../../arm-none-eabi/lib/thumb/v7e-m+fp/hard\libc_nano.a
END GROUP
START GROUP
LOAD C:/ST/STM32CubeIDE_2.0.0/STM32CubeIDE/plugins/com.st.stm32cube.ide.mcu.externaltools.gnu-tools-for-stm32.14.3.rel1.win32_1.0.100.202602081740/tools/bin/../lib/gcc/arm-none-eabi/14.3.1/thumb/v7e-m+fp/hard\libgcc.a
LOAD C:/ST/STM32CubeIDE_2.0.0/STM32CubeIDE/plugins/com.st.stm32cube.ide.mcu.externaltools.gnu-tools-for-stm32.14.3.rel1.win32_1.0.100.202602081740/tools/bin/../lib/gcc/arm-none-eabi/14.3.1/../../../../arm-none-eabi/lib/thumb/v7e-m+fp/hard\libc_nano.a
LOAD C:/ST/STM32CubeIDE_2.0.0/STM32CubeIDE/plugins/com.st.stm32cube.ide.mcu.externaltools.gnu-tools-for-stm32.14.3.rel1.win32_1.0.100.202602081740/tools/bin/../lib/gcc/arm-none-eabi/14.3.1/../../../../arm-none-eabi/lib/thumb/v7e-m+fp/hard\libnosys.a
END GROUP
START GROUP
LOAD C:/ST/STM32CubeIDE_2.0.0/STM32CubeIDE/plugins/com.st.stm32cube.ide.mcu.externaltools.gnu-tools-for-stm32.14.3.rel1.win32_1.0.100.202602081740/tools/bin/../lib/gcc/arm-none-eabi/14.3.1/thumb/v7e-m+fp/hard\libgcc.a
LOAD C:/ST/STM32CubeIDE_2.0.0/STM32CubeIDE/plugins/com.st.stm32cube.ide.mcu.externaltools.gnu-tools-for-stm32.14.3.rel1.win32_1.0.100.202602081740/tools/bin/../lib/gcc/arm-none-eabi/14.3.1/../../../../arm-none-eabi/lib/thumb/v7e-m+fp/hard\libc_nano.a
LOAD C:/ST/STM32CubeIDE_2.0.0/STM32CubeIDE/plugins/com.st.stm32cube.ide.mcu.externaltools.gnu-tools-for-stm32.14.3.rel1.win32_1.0.100.202602081740/tools/bin/../lib/gcc/arm-none-eabi/14.3.1/../../../../arm-none-eabi/lib/thumb/v7e-m+fp/hard\libnosys.a
END GROUP
LOAD C:/ST/STM32CubeIDE_2.0.0/STM32CubeIDE/plugins/com.st.stm32cube.ide.mcu.externaltools.gnu-tools-for-stm32.14.3.rel1.win32_1.0.100.202602081740/tools/bin/../lib/gcc/arm-none-eabi/14.3.1/thumb/v7e-m+fp/hard/crtend.o
LOAD C:/ST/STM32CubeIDE_2.0.0/STM32CubeIDE/plugins/com.st.stm32cube.ide.mcu.externaltools.gnu-tools-for-stm32.14.3.rel1.win32_1.0.100.202602081740/tools/bin/../lib/gcc/arm-none-eabi/14.3.1/thumb/v7e-m+fp/hard/crtn.o
                0x20020000                        _estack = (ORIGIN (RAM) + LENGTH (RAM))
                0x00000200                        _Min_Heap_Size = 0x200
                0x00000400                        _Min_Stack_Size = 0x400

.isr_vector     0x08000000      0x188
                0x08000000                        . = ALIGN (0x4)
 *(.isr_vector)
 .isr_vector    0x08000000      0x188 ./Core/Startup/startup_stm32f407zgtx.o
                0x08000000                g_pfnVectors
                0x08000188                        . = ALIGN (0x4)

.text           0x08000188     0x88a4
                0x08000188                        . = ALIGN (0x4)
 *(.text)
 .text          0x08000188       0x40 C:/ST/STM32CubeIDE_2.0.0/STM32CubeIDE/plugins/com.st.stm32cube.ide.mcu.externaltools.gnu-tools-for-stm32.14.3.rel1.win32_1.0.100.202602081740/tools/bin/../lib/gcc/arm-none-eabi/14.3.1/thumb/v7e-m+fp/hard/crtbegin.o
 .text          0x080001c8       0x30 C:/ST/STM32CubeIDE_2.0.0/STM32CubeIDE/plugins/com.st.stm32cube.ide.mcu.externaltools.gnu-tools-for-stm32.14.3.rel1.win32_1.0.100.202602081740/tools/bin/../lib/gcc/arm-none-eabi/14.3.1/thumb/v7e-m+fp/hard\libgcc.a(_aeabi_uldivmod.o)
                0x080001c8                __aeabi_uldivmod
 .text          0x080001f8      0x2f8 C:/ST/STM32CubeIDE_2.0.0/STM32CubeIDE/plugins/com.st.stm32cube.ide.mcu.externaltools.gnu-tools-for-stm32.14.3.rel1.win32_1.0.100.202602081740/tools/bin/../lib/gcc/arm-none-eabi/14.3.1/thumb/v7e-m+fp/hard\libgcc.a(_udivmoddi4.o)
                0x080001f8                __udivmoddi4
 .text          0x080004f0        0x4 C:/ST/STM32CubeIDE_2.0.0/STM32CubeIDE/plugins/com.st.stm32cube.ide.mcu.externaltools.gnu-tools-for-stm32.14.3.rel1.win32_1.0.100.202602081740/tools/bin/../lib/gcc/arm-none-eabi/14.3.1/thumb/v7e-m+fp/hard\libgcc.a(_dvmd_tls.o)
                0x080004f0                __aeabi_idiv0
                0x080004f0                __aeabi_ldiv0
 *(.text*)
 .text.MX_GPIO_Init
                0x080004f4      0x18c ./Core/Src/gpio.o
                0x080004f4                MX_GPIO_Init
 .text.MX_IWDG_Init
                0x08000680       0x34 ./Core/Src/iwdg.o
                0x08000680                MX_IWDG_Init
 .text.main     0x080006b4       0x40 ./Core/Src/main.o
                0x080006b4                main
 .text.SystemClock_Config
                0x080006f4       0xd8 ./Core/Src/main.o
                0x080006f4                SystemClock_Config
 .text.Error_Handler
                0x080007cc        0xc ./Core/Src/main.o
                0x080007cc                Error_Handler
 .text.MX_SPI2_Init
                0x080007d8       0x6c ./Core/Src/spi.o
                0x080007d8                MX_SPI2_Init
 .text.HAL_SPI_MspInit
                0x08000844       0xd0 ./Core/Src/spi.o
                0x08000844                HAL_SPI_MspInit
 .text.HAL_MspInit
                0x08000914       0x50 ./Core/Src/stm32f4xx_hal_msp.o
                0x08000914                HAL_MspInit
 .text.NMI_Handler
                0x08000964        0x8 ./Core/Src/stm32f4xx_it.o
                0x08000964                NMI_Handler
 .text.HardFault_Handler
                0x0800096c        0x8 ./Core/Src/stm32f4xx_it.o
                0x0800096c                HardFault_Handler
 .text.MemManage_Handler
                0x08000974        0x8 ./Core/Src/stm32f4xx_it.o
                0x08000974                MemManage_Handler
 .text.BusFault_Handler
                0x0800097c        0x8 ./Core/Src/stm32f4xx_it.o
                0x0800097c                BusFault_Handler
 .text.UsageFault_Handler
                0x08000984        0x8 ./Core/Src/stm32f4xx_it.o
                0x08000984                UsageFault_Handler
 .text.SVC_Handler
                0x0800098c        0xe ./Core/Src/stm32f4xx_it.o
                0x0800098c                SVC_Handler
 .text.DebugMon_Handler
                0x0800099a        0xe ./Core/Src/stm32f4xx_it.o
                0x0800099a                DebugMon_Handler
 .text.PendSV_Handler
                0x080009a8        0xe ./Core/Src/stm32f4xx_it.o
                0x080009a8                PendSV_Handler
 .text.SysTick_Handler
                0x080009b6        0xc ./Core/Src/stm32f4xx_it.o
                0x080009b6                SysTick_Handler
 .text.EXTI1_IRQHandler
                0x080009c2        0xe ./Core/Src/stm32f4xx_it.o
                0x080009c2                EXTI1_IRQHandler
 .text.TIM1_BRK_TIM9_IRQHandler
                0x080009d0       0x1c ./Core/Src/stm32f4xx_it.o
                0x080009d0                TIM1_BRK_TIM9_IRQHandler
 .text.TIM1_UP_TIM10_IRQHandler
                0x080009ec       0x1c ./Core/Src/stm32f4xx_it.o
                0x080009ec                TIM1_UP_TIM10_IRQHandler
 .text.TIM1_TRG_COM_TIM11_IRQHandler
                0x08000a08       0x1c ./Core/Src/stm32f4xx_it.o
                0x08000a08                TIM1_TRG_COM_TIM11_IRQHandler
 .text.TIM4_IRQHandler
                0x08000a24       0x14 ./Core/Src/stm32f4xx_it.o
                0x08000a24                TIM4_IRQHandler
 .text.TIM8_UP_TIM13_IRQHandler
                0x08000a38       0x14 ./Core/Src/stm32f4xx_it.o
                0x08000a38                TIM8_UP_TIM13_IRQHandler
 .text.TIM7_IRQHandler
                0x08000a4c       0x14 ./Core/Src/stm32f4xx_it.o
                0x08000a4c                TIM7_IRQHandler
 .text.OTG_FS_IRQHandler
                0x08000a60       0x14 ./Core/Src/stm32f4xx_it.o
                0x08000a60                OTG_FS_IRQHandler
 .text.SystemInit
                0x08000a74       0x24 ./Core/Src/system_stm32f4xx.o
                0x08000a74                SystemInit
 .text.MX_TIM1_Init
                0x08000a98      0x118 ./Core/Src/tim.o
                0x08000a98                MX_TIM1_Init
 .text.MX_TIM4_Init
                0x08000bb0       0xc4 ./Core/Src/tim.o
                0x08000bb0                MX_TIM4_Init
 .text.MX_TIM7_Init
                0x08000c74       0x6c ./Core/Src/tim.o
                0x08000c74                MX_TIM7_Init
 .text.MX_TIM9_Init
                0x08000ce0       0x9c ./Core/Src/tim.o
                0x08000ce0                MX_TIM9_Init
 .text.MX_TIM10_Init
                0x08000d7c       0xac ./Core/Src/tim.o
                0x08000d7c                MX_TIM10_Init
 .text.MX_TIM11_Init
                0x08000e28       0xac ./Core/Src/tim.o
                0x08000e28                MX_TIM11_Init
 .text.MX_TIM13_Init
                0x08000ed4       0x9c ./Core/Src/tim.o
                0x08000ed4                MX_TIM13_Init
 .text.HAL_TIM_PWM_MspInit
                0x08000f70       0xe8 ./Core/Src/tim.o
                0x08000f70                HAL_TIM_PWM_MspInit
 .text.HAL_TIM_Base_MspInit
                0x08001058      0x104 ./Core/Src/tim.o
                0x08001058                HAL_TIM_Base_MspInit
 .text.HAL_TIM_MspPostInit
                0x0800115c      0x1fc ./Core/Src/tim.o
                0x0800115c                HAL_TIM_MspPostInit
 .text.MX_USART1_UART_Init
                0x08001358       0x54 ./Core/Src/usart.o
                0x08001358                MX_USART1_UART_Init
 .text.HAL_UART_MspInit
                0x080013ac       0x90 ./Core/Src/usart.o
                0x080013ac                HAL_UART_MspInit
 .text.Reset_Handler
                0x0800143c       0x50 ./Core/Startup/startup_stm32f407zgtx.o
                0x0800143c                Reset_Handler
 .text.Default_Handler
                0x0800148c        0x2 ./Core/Startup/startup_stm32f407zgtx.o
                0x0800148c                RTC_Alarm_IRQHandler
                0x0800148c                HASH_RNG_IRQHandler
                0x0800148c                EXTI2_IRQHandler
                0x0800148c                TIM8_CC_IRQHandler
                0x0800148c                TIM1_CC_IRQHandler
                0x0800148c                DMA2_Stream5_IRQHandler
                0x0800148c                DMA1_Stream5_IRQHandler
                0x0800148c                PVD_IRQHandler
                0x0800148c                SDIO_IRQHandler
                0x0800148c                TAMP_STAMP_IRQHandler
                0x0800148c                CAN2_RX1_IRQHandler
                0x0800148c                EXTI3_IRQHandler
                0x0800148c                TIM8_TRG_COM_TIM14_IRQHandler
                0x0800148c                I2C3_ER_IRQHandler
                0x0800148c                EXTI0_IRQHandler
                0x0800148c                I2C2_EV_IRQHandler
                0x0800148c                DMA1_Stream2_IRQHandler
                0x0800148c                CAN1_RX0_IRQHandler
                0x0800148c                FPU_IRQHandler
                0x0800148c                OTG_HS_WKUP_IRQHandler
                0x0800148c                CAN2_SCE_IRQHandler
                0x0800148c                DMA2_Stream2_IRQHandler
                0x0800148c                SPI1_IRQHandler
                0x0800148c                TIM6_DAC_IRQHandler
                0x0800148c                DCMI_IRQHandler
                0x0800148c                CAN2_RX0_IRQHandler
                0x0800148c                DMA2_Stream3_IRQHandler
                0x0800148c                USART6_IRQHandler
                0x0800148c                USART3_IRQHandler
                0x0800148c                CAN1_RX1_IRQHandler
                0x0800148c                UART5_IRQHandler
                0x0800148c                DMA2_Stream0_IRQHandler
                0x0800148c                I2C1_EV_IRQHandler
                0x0800148c                DMA1_Stream6_IRQHandler
                0x0800148c                DMA1_Stream1_IRQHandler
                0x0800148c                UART4_IRQHandler
                0x0800148c                TIM3_IRQHandler
                0x0800148c                RCC_IRQHandler
                0x0800148c                TIM8_BRK_TIM12_IRQHandler
                0x0800148c                Default_Handler
                0x0800148c                EXTI15_10_IRQHandler
                0x0800148c                ADC_IRQHandler
                0x0800148c                DMA1_Stream7_IRQHandler
                0x0800148c                CAN2_TX_IRQHandler
                0x0800148c                TIM5_IRQHandler
                0x0800148c                DMA2_Stream7_IRQHandler
                0x0800148c                I2C3_EV_IRQHandler
                0x0800148c                EXTI9_5_IRQHandler
                0x0800148c                RTC_WKUP_IRQHandler
                0x0800148c                ETH_WKUP_IRQHandler
                0x0800148c                SPI2_IRQHandler
                0x0800148c                OTG_HS_EP1_IN_IRQHandler
                0x0800148c                DMA1_Stream0_IRQHandler
                0x0800148c                CAN1_TX_IRQHandler
                0x0800148c                EXTI4_IRQHandler
                0x0800148c                FSMC_IRQHandler
                0x0800148c                ETH_IRQHandler
                0x0800148c                OTG_HS_EP1_OUT_IRQHandler
                0x0800148c                WWDG_IRQHandler
                0x0800148c                TIM2_IRQHandler
                0x0800148c                OTG_FS_WKUP_IRQHandler
                0x0800148c                OTG_HS_IRQHandler
                0x0800148c                USART2_IRQHandler
                0x0800148c                I2C2_ER_IRQHandler
                0x0800148c                DMA2_Stream1_IRQHandler
                0x0800148c                CAN1_SCE_IRQHandler
                0x0800148c                FLASH_IRQHandler
                0x0800148c                DMA2_Stream4_IRQHandler
                0x0800148c                USART1_IRQHandler
                0x0800148c                SPI3_IRQHandler
                0x0800148c                DMA1_Stream4_IRQHandler
                0x0800148c                I2C1_ER_IRQHandler
                0x0800148c                DMA2_Stream6_IRQHandler
                0x0800148c                DMA1_Stream3_IRQHandler
 *fill*         0x0800148e        0x2 
 .text.HAL_Init
                0x08001490       0x44 ./Drivers/STM32F4xx_HAL_Driver/Src/stm32f4xx_hal.o
                0x08001490                HAL_Init
 .text.HAL_InitTick
                0x080014d4       0x60 ./Drivers/STM32F4xx_HAL_Driver/Src/stm32f4xx_hal.o
                0x080014d4                HAL_InitTick
 .text.HAL_IncTick
                0x08001534       0x28 ./Drivers/STM32F4xx_HAL_Driver/Src/stm32f4xx_hal.o
                0x08001534                HAL_IncTick
 .text.HAL_GetTick
                0x0800155c       0x18 ./Drivers/STM32F4xx_HAL_Driver/Src/stm32f4xx_hal.o
                0x0800155c                HAL_GetTick
 .text.HAL_Delay
                0x08001574       0x48 ./Drivers/STM32F4xx_HAL_Driver/Src/stm32f4xx_hal.o
                0x08001574                HAL_Delay
 .text.__NVIC_SetPriorityGrouping
                0x080015bc       0x48 ./Drivers/STM32F4xx_HAL_Driver/Src/stm32f4xx_hal_cortex.o
 .text.__NVIC_GetPriorityGrouping
                0x08001604       0x1c ./Drivers/STM32F4xx_HAL_Driver/Src/stm32f4xx_hal_cortex.o
 .text.__NVIC_EnableIRQ
                0x08001620       0x3c ./Drivers/STM32F4xx_HAL_Driver/Src/stm32f4xx_hal_cortex.o
 .text.__NVIC_SetPriority
                0x0800165c       0x54 ./Drivers/STM32F4xx_HAL_Driver/Src/stm32f4xx_hal_cortex.o
 .text.NVIC_EncodePriority
                0x080016b0       0x66 ./Drivers/STM32F4xx_HAL_Driver/Src/stm32f4xx_hal_cortex.o
 *fill*         0x08001716        0x2 
 .text.SysTick_Config
                0x08001718       0x44 ./Drivers/STM32F4xx_HAL_Driver/Src/stm32f4xx_hal_cortex.o
 .text.HAL_NVIC_SetPriorityGrouping
                0x0800175c       0x16 ./Drivers/STM32F4xx_HAL_Driver/Src/stm32f4xx_hal_cortex.o
                0x0800175c                HAL_NVIC_SetPriorityGrouping
 .text.HAL_NVIC_SetPriority
                0x08001772       0x38 ./Drivers/STM32F4xx_HAL_Driver/Src/stm32f4xx_hal_cortex.o
                0x08001772                HAL_NVIC_SetPriority
 .text.HAL_NVIC_EnableIRQ
                0x080017aa       0x1c ./Drivers/STM32F4xx_HAL_Driver/Src/stm32f4xx_hal_cortex.o
                0x080017aa                HAL_NVIC_EnableIRQ
 .text.HAL_SYSTICK_Config
                0x080017c6       0x18 ./Drivers/STM32F4xx_HAL_Driver/Src/stm32f4xx_hal_cortex.o
                0x080017c6                HAL_SYSTICK_Config
 *fill*         0x080017de        0x2 
 .text.HAL_GPIO_Init
                0x080017e0      0x338 ./Drivers/STM32F4xx_HAL_Driver/Src/stm32f4xx_hal_gpio.o
                0x080017e0                HAL_GPIO_Init
 .text.HAL_GPIO_WritePin
                0x08001b18       0x32 ./Drivers/STM32F4xx_HAL_Driver/Src/stm32f4xx_hal_gpio.o
                0x08001b18                HAL_GPIO_WritePin
 *fill*         0x08001b4a        0x2 
 .text.HAL_GPIO_EXTI_IRQHandler
                0x08001b4c       0x30 ./Drivers/STM32F4xx_HAL_Driver/Src/stm32f4xx_hal_gpio.o
                0x08001b4c                HAL_GPIO_EXTI_IRQHandler
 .text.HAL_GPIO_EXTI_Callback
                0x08001b7c       0x16 ./Drivers/STM32F4xx_HAL_Driver/Src/stm32f4xx_hal_gpio.o
                0x08001b7c                HAL_GPIO_EXTI_Callback
 .text.HAL_IWDG_Init
                0x08001b92       0x88 ./Drivers/STM32F4xx_HAL_Driver/Src/stm32f4xx_hal_iwdg.o
                0x08001b92                HAL_IWDG_Init
 .text.HAL_PCD_Init
                0x08001c1a      0x21e ./Drivers/STM32F4xx_HAL_Driver/Src/stm32f4xx_hal_pcd.o
                0x08001c1a                HAL_PCD_Init
 .text.HAL_PCD_Start
                0x08001e38       0x6a ./Drivers/STM32F4xx_HAL_Driver/Src/stm32f4xx_hal_pcd.o
                0x08001e38                HAL_PCD_Start
 .text.HAL_PCD_IRQHandler
                0x08001ea2      0x942 ./Drivers/STM32F4xx_HAL_Driver/Src/stm32f4xx_hal_pcd.o
                0x08001ea2                HAL_PCD_IRQHandler
 .text.HAL_PCD_SetAddress
                0x080027e4       0x48 ./Drivers/STM32F4xx_HAL_Driver/Src/stm32f4xx_hal_pcd.o
                0x080027e4                HAL_PCD_SetAddress
 .text.HAL_PCD_EP_Open
                0x0800282c       0xd4 ./Drivers/STM32F4xx_HAL_Driver/Src/stm32f4xx_hal_pcd.o
                0x0800282c                HAL_PCD_EP_Open
 .text.HAL_PCD_EP_Close
                0x08002900       0x94 ./Drivers/STM32F4xx_HAL_Driver/Src/stm32f4xx_hal_pcd.o
                0x08002900                HAL_PCD_EP_Close
 .text.HAL_PCD_EP_Receive
                0x08002994       0x76 ./Drivers/STM32F4xx_HAL_Driver/Src/stm32f4xx_hal_pcd.o
                0x08002994                HAL_PCD_EP_Receive
 .text.HAL_PCD_EP_GetRxCount
                0x08002a0a       0x30 ./Drivers/STM32F4xx_HAL_Driver/Src/stm32f4xx_hal_pcd.o
                0x08002a0a                HAL_PCD_EP_GetRxCount
 .text.HAL_PCD_EP_Transmit
                0x08002a3a       0x74 ./Drivers/STM32F4xx_HAL_Driver/Src/stm32f4xx_hal_pcd.o
                0x08002a3a                HAL_PCD_EP_Transmit
 .text.HAL_PCD_EP_SetStall
                0x08002aae       0xc6 ./Drivers/STM32F4xx_HAL_Driver/Src/stm32f4xx_hal_pcd.o
                0x08002aae                HAL_PCD_EP_SetStall
 .text.HAL_PCD_EP_ClrStall
                0x08002b74       0xac ./Drivers/STM32F4xx_HAL_Driver/Src/stm32f4xx_hal_pcd.o
                0x08002b74                HAL_PCD_EP_ClrStall
 .text.HAL_PCD_EP_Abort
                0x08002c20       0x62 ./Drivers/STM32F4xx_HAL_Driver/Src/stm32f4xx_hal_pcd.o
                0x08002c20                HAL_PCD_EP_Abort
 .text.PCD_WriteEmptyTxFifo
                0x08002c82      0x118 ./Drivers/STM32F4xx_HAL_Driver/Src/stm32f4xx_hal_pcd.o
 *fill*         0x08002d9a        0x2 
 .text.PCD_EP_OutXfrComplete_int
                0x08002d9c      0x1d0 ./Drivers/STM32F4xx_HAL_Driver/Src/stm32f4xx_hal_pcd.o
 .text.PCD_EP_OutSetupPacket_int
                0x08002f6c       0x8c ./Drivers/STM32F4xx_HAL_Driver/Src/stm32f4xx_hal_pcd.o
 .text.HAL_PCDEx_SetTxFiFo
                0x08002ff8       0x8e ./Drivers/STM32F4xx_HAL_Driver/Src/stm32f4xx_hal_pcd_ex.o
                0x08002ff8                HAL_PCDEx_SetTxFiFo
 .text.HAL_PCDEx_SetRxFiFo
                0x08003086       0x22 ./Drivers/STM32F4xx_HAL_Driver/Src/stm32f4xx_hal_pcd_ex.o
                0x08003086                HAL_PCDEx_SetRxFiFo
 .text.HAL_PCDEx_LPM_Callback
                0x080030a8       0x18 ./Drivers/STM32F4xx_HAL_Driver/Src/stm32f4xx_hal_pcd_ex.o
                0x080030a8                HAL_PCDEx_LPM_Callback
 .text.HAL_RCC_OscConfig
                0x080030c0      0x4f0 ./Drivers/STM32F4xx_HAL_Driver/Src/stm32f4xx_hal_rcc.o
                0x080030c0                HAL_RCC_OscConfig
 .text.HAL_RCC_ClockConfig
                0x080035b0      0x1cc ./Drivers/STM32F4xx_HAL_Driver/Src/stm32f4xx_hal_rcc.o
                0x080035b0                HAL_RCC_ClockConfig
 .text.HAL_RCC_GetSysClockFreq
                0x0800377c      0x188 ./Drivers/STM32F4xx_HAL_Driver/Src/stm32f4xx_hal_rcc.o
                0x0800377c                HAL_RCC_GetSysClockFreq
 .text.HAL_RCC_GetHCLKFreq
                0x08003904       0x18 ./Drivers/STM32F4xx_HAL_Driver/Src/stm32f4xx_hal_rcc.o
                0x08003904                HAL_RCC_GetHCLKFreq
 .text.HAL_RCC_GetPCLK1Freq
                0x0800391c       0x28 ./Drivers/STM32F4xx_HAL_Driver/Src/stm32f4xx_hal_rcc.o
                0x0800391c                HAL_RCC_GetPCLK1Freq
 .text.HAL_RCC_GetPCLK2Freq
                0x08003944       0x28 ./Drivers/STM32F4xx_HAL_Driver/Src/stm32f4xx_hal_rcc.o
                0x08003944                HAL_RCC_GetPCLK2Freq
 .text.HAL_SPI_Init
                0x0800396c      0x112 ./Drivers/STM32F4xx_HAL_Driver/Src/stm32f4xx_hal_spi.o
                0x0800396c                HAL_SPI_Init
 .text.HAL_TIM_Base_Init
                0x08003a7e       0x9e ./Drivers/STM32F4xx_HAL_Driver/Src/stm32f4xx_hal_tim.o
                0x08003a7e                HAL_TIM_Base_Init
 .text.HAL_TIM_PWM_Init
                0x08003b1c       0x9e ./Drivers/STM32F4xx_HAL_Driver/Src/stm32f4xx_hal_tim.o
                0x08003b1c                HAL_TIM_PWM_Init
 .text.HAL_TIM_OnePulse_Init
                0x08003bba       0xa0 ./Drivers/STM32F4xx_HAL_Driver/Src/stm32f4xx_hal_tim.o
                0x08003bba                HAL_TIM_OnePulse_Init
 .text.HAL_TIM_OnePulse_MspInit
                0x08003c5a       0x14 ./Drivers/STM32F4xx_HAL_Driver/Src/stm32f4xx_hal_tim.o
                0x08003c5a                HAL_TIM_OnePulse_MspInit
 .text.HAL_TIM_IRQHandler
                0x08003c6e      0x1e0 ./Drivers/STM32F4xx_HAL_Driver/Src/stm32f4xx_hal_tim.o
                0x08003c6e                HAL_TIM_IRQHandler
 *fill*         0x08003e4e        0x2 
 .text.HAL_TIM_PWM_ConfigChannel
                0x08003e50      0x184 ./Drivers/STM32F4xx_HAL_Driver/Src/stm32f4xx_hal_tim.o
                0x08003e50                HAL_TIM_PWM_ConfigChannel
 .text.HAL_TIM_PeriodElapsedCallback
                0x08003fd4       0x14 ./Drivers/STM32F4xx_HAL_Driver/Src/stm32f4xx_hal_tim.o
                0x08003fd4                HAL_TIM_PeriodElapsedCallback
 .text.HAL_TIM_OC_DelayElapsedCallback
                0x08003fe8       0x14 ./Drivers/STM32F4xx_HAL_Driver/Src/stm32f4xx_hal_tim.o
                0x08003fe8                HAL_TIM_OC_DelayElapsedCallback
 .text.HAL_TIM_IC_CaptureCallback
                0x08003ffc       0x14 ./Drivers/STM32F4xx_HAL_Driver/Src/stm32f4xx_hal_tim.o
                0x08003ffc                HAL_TIM_IC_CaptureCallback
 .text.HAL_TIM_PWM_PulseFinishedCallback
                0x08004010       0x14 ./Drivers/STM32F4xx_HAL_Driver/Src/stm32f4xx_hal_tim.o
                0x08004010                HAL_TIM_PWM_PulseFinishedCallback
 .text.HAL_TIM_TriggerCallback
                0x08004024       0x14 ./Drivers/STM32F4xx_HAL_Driver/Src/stm32f4xx_hal_tim.o
                0x08004024                HAL_TIM_TriggerCallback
 .text.TIM_Base_SetConfig
                0x08004038      0x14c ./Drivers/STM32F4xx_HAL_Driver/Src/stm32f4xx_hal_tim.o
                0x08004038                TIM_Base_SetConfig
 .text.TIM_OC1_SetConfig
                0x08004184       0xe0 ./Drivers/STM32F4xx_HAL_Driver/Src/stm32f4xx_hal_tim.o
 .text.TIM_OC2_SetConfig
                0x08004264       0xec ./Drivers/STM32F4xx_HAL_Driver/Src/stm32f4xx_hal_tim.o
                0x08004264                TIM_OC2_SetConfig
 .text.TIM_OC3_SetConfig
                0x08004350       0xe8 ./Drivers/STM32F4xx_HAL_Driver/Src/stm32f4xx_hal_tim.o
 .text.TIM_OC4_SetConfig
                0x08004438       0xac ./Drivers/STM32F4xx_HAL_Driver/Src/stm32f4xx_hal_tim.o
 .text.HAL_TIMEx_MasterConfigSynchronization
                0x080044e4       0xf8 ./Drivers/STM32F4xx_HAL_Driver/Src/stm32f4xx_hal_tim_ex.o
                0x080044e4                HAL_TIMEx_MasterConfigSynchronization
 .text.HAL_TIMEx_ConfigBreakDeadTime
                0x080045dc       0xa4 ./Drivers/STM32F4xx_HAL_Driver/Src/stm32f4xx_hal_tim_ex.o
                0x080045dc                HAL_TIMEx_ConfigBreakDeadTime
 .text.HAL_TIMEx_CommutCallback
                0x08004680       0x14 ./Drivers/STM32F4xx_HAL_Driver/Src/stm32f4xx_hal_tim_ex.o
                0x08004680                HAL_TIMEx_CommutCallback
 .text.HAL_TIMEx_BreakCallback
                0x08004694       0x14 ./Drivers/STM32F4xx_HAL_Driver/Src/stm32f4xx_hal_tim_ex.o
                0x08004694                HAL_TIMEx_BreakCallback
 .text.HAL_UART_Init
                0x080046a8       0xa0 ./Drivers/STM32F4xx_HAL_Driver/Src/stm32f4xx_hal_uart.o
                0x080046a8                HAL_UART_Init
 .text.UART_SetConfig
                0x08004748      0x4e8 ./Drivers/STM32F4xx_HAL_Driver/Src/stm32f4xx_hal_uart.o
 .text.USB_CoreInit
                0x08004c30       0xc8 ./Drivers/STM32F4xx_HAL_Driver/Src/stm32f4xx_ll_usb.o
                0x08004c30                USB_CoreInit
 .text.USB_SetTurnaroundTime
                0x08004cf8      0x144 ./Drivers/STM32F4xx_HAL_Driver/Src/stm32f4xx_ll_usb.o
                0x08004cf8                USB_SetTurnaroundTime
 .text.USB_EnableGlobalInt
                0x08004e3c       0x22 ./Drivers/STM32F4xx_HAL_Driver/Src/stm32f4xx_ll_usb.o
                0x08004e3c                USB_EnableGlobalInt
 .text.USB_DisableGlobalInt
                0x08004e5e       0x22 ./Drivers/STM32F4xx_HAL_Driver/Src/stm32f4xx_ll_usb.o
                0x08004e5e                USB_DisableGlobalInt
 .text.USB_SetCurrentMode
                0x08004e80       0x98 ./Drivers/STM32F4xx_HAL_Driver/Src/stm32f4xx_ll_usb.o
                0x08004e80                USB_SetCurrentMode
 .text.USB_DevInit
                0x08004f18      0x2c8 ./Drivers/STM32F4xx_HAL_Driver/Src/stm32f4xx_ll_usb.o
                0x08004f18                USB_DevInit
 .text.USB_FlushTxFifo
                0x080051e0       0x64 ./Drivers/STM32F4xx_HAL_Driver/Src/stm32f4xx_ll_usb.o
                0x080051e0                USB_FlushTxFifo
 .text.USB_FlushRxFifo
                0x08005244       0x5c ./Drivers/STM32F4xx_HAL_Driver/Src/stm32f4xx_ll_usb.o
                0x08005244                USB_FlushRxFifo
 .text.USB_SetDevSpeed
                0x080052a0       0x32 ./Drivers/STM32F4xx_HAL_Driver/Src/stm32f4xx_ll_usb.o
                0x080052a0                USB_SetDevSpeed
 .text.USB_GetDevSpeed
                0x080052d2       0x4a ./Drivers/STM32F4xx_HAL_Driver/Src/stm32f4xx_ll_usb.o
                0x080052d2                USB_GetDevSpeed
 .text.USB_ActivateEndpoint
                0x0800531c      0x10e ./Drivers/STM32F4xx_HAL_Driver/Src/stm32f4xx_ll_usb.o
                0x0800531c                USB_ActivateEndpoint
 *fill*         0x0800542a        0x2 
 .text.USB_DeactivateEndpoint
                0x0800542c      0x1b8 ./Drivers/STM32F4xx_HAL_Driver/Src/stm32f4xx_ll_usb.o
                0x0800542c                USB_DeactivateEndpoint
 .text.USB_EPStartXfer
                0x080055e4      0x53c ./Drivers/STM32F4xx_HAL_Driver/Src/stm32f4xx_ll_usb.o
                0x080055e4                USB_EPStartXfer
 .text.USB_EPStopXfer
                0x08005b20      0x154 ./Drivers/STM32F4xx_HAL_Driver/Src/stm32f4xx_ll_usb.o
                0x08005b20                USB_EPStopXfer
 .text.USB_WritePacket
                0x08005c74       0x7c ./Drivers/STM32F4xx_HAL_Driver/Src/stm32f4xx_ll_usb.o
                0x08005c74                USB_WritePacket
 .text.USB_ReadPacket
                0x08005cf0       0xb0 ./Drivers/STM32F4xx_HAL_Driver/Src/stm32f4xx_ll_usb.o
                0x08005cf0                USB_ReadPacket
 .text.USB_EPSetStall
                0x08005da0       0xdc ./Drivers/STM32F4xx_HAL_Driver/Src/stm32f4xx_ll_usb.o
                0x08005da0                USB_EPSetStall
 .text.USB_EPClearStall
                0x08005e7c       0xcc ./Drivers/STM32F4xx_HAL_Driver/Src/stm32f4xx_ll_usb.o
                0x08005e7c                USB_EPClearStall
 .text.USB_SetDevAddress
                0x08005f48       0x4c ./Drivers/STM32F4xx_HAL_Driver/Src/stm32f4xx_ll_usb.o
                0x08005f48                USB_SetDevAddress
 .text.USB_DevConnect
                0x08005f94       0x42 ./Drivers/STM32F4xx_HAL_Driver/Src/stm32f4xx_ll_usb.o
                0x08005f94                USB_DevConnect
 .text.USB_DevDisconnect
                0x08005fd6       0x42 ./Drivers/STM32F4xx_HAL_Driver/Src/stm32f4xx_ll_usb.o
                0x08005fd6                USB_DevDisconnect
 .text.USB_ReadInterrupts
                0x08006018       0x26 ./Drivers/STM32F4xx_HAL_Driver/Src/stm32f4xx_ll_usb.o
                0x08006018                USB_ReadInterrupts
 .text.USB_ReadDevAllOutEpInterrupt
                0x0800603e       0x34 ./Drivers/STM32F4xx_HAL_Driver/Src/stm32f4xx_ll_usb.o
                0x0800603e                USB_ReadDevAllOutEpInterrupt
 .text.USB_ReadDevAllInEpInterrupt
                0x08006072       0x34 ./Drivers/STM32F4xx_HAL_Driver/Src/stm32f4xx_ll_usb.o
                0x08006072                USB_ReadDevAllInEpInterrupt
 .text.USB_ReadDevOutEPInterrupt
                0x080060a6       0x3c ./Drivers/STM32F4xx_HAL_Driver/Src/stm32f4xx_ll_usb.o
                0x080060a6                USB_ReadDevOutEPInterrupt
 .text.USB_ReadDevInEPInterrupt
                0x080060e2       0x5c ./Drivers/STM32F4xx_HAL_Driver/Src/stm32f4xx_ll_usb.o
                0x080060e2                USB_ReadDevInEPInterrupt
 .text.USB_GetMode
                0x0800613e       0x1c ./Drivers/STM32F4xx_HAL_Driver/Src/stm32f4xx_ll_usb.o
                0x0800613e                USB_GetMode
 .text.USB_ActivateSetup
                0x0800615a       0x46 ./Drivers/STM32F4xx_HAL_Driver/Src/stm32f4xx_ll_usb.o
                0x0800615a                USB_ActivateSetup
 .text.USB_EP0_OutStart
                0x080061a0       0xbc ./Drivers/STM32F4xx_HAL_Driver/Src/stm32f4xx_ll_usb.o
                0x080061a0                USB_EP0_OutStart
 .text.USB_CoreReset
                0x0800625c       0x70 ./Drivers/STM32F4xx_HAL_Driver/Src/stm32f4xx_ll_usb.o
 .text.USBD_AUDIO_Init
                0x080062cc      0x13c ./Middlewares/ST/STM32_USB_Device_Library/Class/AUDIO/Src/usbd_audio.o
 .text.USBD_AUDIO_DeInit
                0x08006408       0xb4 ./Middlewares/ST/STM32_USB_Device_Library/Class/AUDIO/Src/usbd_audio.o
 .text.USBD_AUDIO_Setup
                0x080064bc      0x1b8 ./Middlewares/ST/STM32_USB_Device_Library/Class/AUDIO/Src/usbd_audio.o
 .text.USBD_AUDIO_GetCfgDesc
                0x08006674       0x20 ./Middlewares/ST/STM32_USB_Device_Library/Class/AUDIO/Src/usbd_audio.o
 .text.USBD_AUDIO_DataIn
                0x08006694       0x1a ./Middlewares/ST/STM32_USB_Device_Library/Class/AUDIO/Src/usbd_audio.o
 .text.USBD_AUDIO_EP0_RxReady
                0x080066ae       0x80 ./Middlewares/ST/STM32_USB_Device_Library/Class/AUDIO/Src/usbd_audio.o
 .text.USBD_AUDIO_EP0_TxReady
                0x0800672e       0x16 ./Middlewares/ST/STM32_USB_Device_Library/Class/AUDIO/Src/usbd_audio.o
 .text.USBD_AUDIO_SOF
                0x08006744       0x16 ./Middlewares/ST/STM32_USB_Device_Library/Class/AUDIO/Src/usbd_audio.o
 .text.USBD_AUDIO_IsoINIncomplete
                0x0800675a       0x1a ./Middlewares/ST/STM32_USB_Device_Library/Class/AUDIO/Src/usbd_audio.o
 .text.USBD_AUDIO_IsoOutIncomplete
                0x08006774       0x58 ./Middlewares/ST/STM32_USB_Device_Library/Class/AUDIO/Src/usbd_audio.o
 .text.USBD_AUDIO_DataOut
                0x080067cc      0x12c ./Middlewares/ST/STM32_USB_Device_Library/Class/AUDIO/Src/usbd_audio.o
 .text.AUDIO_REQ_GetCurrent
                0x080068f8       0x58 ./Middlewares/ST/STM32_USB_Device_Library/Class/AUDIO/Src/usbd_audio.o
 .text.AUDIO_REQ_SetCurrent
                0x08006950       0x88 ./Middlewares/ST/STM32_USB_Device_Library/Class/AUDIO/Src/usbd_audio.o
 .text.USBD_AUDIO_GetDeviceQualifierDesc
                0x080069d8       0x20 ./Middlewares/ST/STM32_USB_Device_Library/Class/AUDIO/Src/usbd_audio.o
 .text.USBD_AUDIO_RegisterInterface
                0x080069f8       0x34 ./Middlewares/ST/STM32_USB_Device_Library/Class/AUDIO/Src/usbd_audio.o
                0x080069f8                USBD_AUDIO_RegisterInterface
 .text.USBD_AUDIO_GetAudioHeaderDesc
                0x08006a2c       0x64 ./Middlewares/ST/STM32_USB_Device_Library/Class/AUDIO/Src/usbd_audio.o
 .text.USBD_Init
                0x08006a90       0x60 ./Middlewares/ST/STM32_USB_Device_Library/Core/Src/usbd_core.o
                0x08006a90                USBD_Init
 .text.USBD_RegisterClass
                0x08006af0       0x6c ./Middlewares/ST/STM32_USB_Device_Library/Core/Src/usbd_core.o
                0x08006af0                USBD_RegisterClass
 .text.USBD_Start
                0x08006b5c       0x18 ./Middlewares/ST/STM32_USB_Device_Library/Core/Src/usbd_core.o
                0x08006b5c                USBD_Start
 .text.USBD_RunTestMode
                0x08006b74       0x16 ./Middlewares/ST/STM32_USB_Device_Library/Core/Src/usbd_core.o
                0x08006b74                USBD_RunTestMode
 .text.USBD_SetClassConfig
                0x08006b8a       0x38 ./Middlewares/ST/STM32_USB_Device_Library/Core/Src/usbd_core.o
                0x08006b8a                USBD_SetClassConfig
 .text.USBD_ClrClassConfig
                0x08006bc2       0x34 ./Middlewares/ST/STM32_USB_Device_Library/Core/Src/usbd_core.o
                0x08006bc2                USBD_ClrClassConfig
 .text.USBD_LL_SetupStage
                0x08006bf6       0xaa ./Middlewares/ST/STM32_USB_Device_Library/Core/Src/usbd_core.o
                0x08006bf6                USBD_LL_SetupStage
 .text.USBD_LL_DataOutStage
                0x08006ca0      0x178 ./Middlewares/ST/STM32_USB_Device_Library/Core/Src/usbd_core.o
                0x08006ca0                USBD_LL_DataOutStage
 .text.USBD_LL_DataInStage
                0x08006e18      0x176 ./Middlewares/ST/STM32_USB_Device_Library/Core/Src/usbd_core.o
                0x08006e18                USBD_LL_DataInStage
 .text.USBD_LL_Reset
                0x08006f8e       0xa6 ./Middlewares/ST/STM32_USB_Device_Library/Core/Src/usbd_core.o
                0x08006f8e                USBD_LL_Reset
 .text.USBD_LL_SetSpeed
                0x08007034       0x20 ./Middlewares/ST/STM32_USB_Device_Library/Core/Src/usbd_core.o
                0x08007034                USBD_LL_SetSpeed
 .text.USBD_LL_Suspend
                0x08007054       0x38 ./Middlewares/ST/STM32_USB_Device_Library/Core/Src/usbd_core.o
                0x08007054                USBD_LL_Suspend
 .text.USBD_LL_Resume
                0x0800708c       0x30 ./Middlewares/ST/STM32_USB_Device_Library/Core/Src/usbd_core.o
                0x0800708c                USBD_LL_Resume
 .text.USBD_LL_SOF
                0x080070bc       0x40 ./Middlewares/ST/STM32_USB_Device_Library/Core/Src/usbd_core.o
                0x080070bc                USBD_LL_SOF
 .text.USBD_LL_IsoINIncomplete
                0x080070fc       0x64 ./Middlewares/ST/STM32_USB_Device_Library/Core/Src/usbd_core.o
                0x080070fc                USBD_LL_IsoINIncomplete
 .text.USBD_LL_IsoOUTIncomplete
                0x08007160       0x64 ./Middlewares/ST/STM32_USB_Device_Library/Core/Src/usbd_core.o
                0x08007160                USBD_LL_IsoOUTIncomplete
 .text.USBD_LL_DevConnected
                0x080071c4       0x16 ./Middlewares/ST/STM32_USB_Device_Library/Core/Src/usbd_core.o
                0x080071c4                USBD_LL_DevConnected
 .text.USBD_LL_DevDisconnected
                0x080071da       0x46 ./Middlewares/ST/STM32_USB_Device_Library/Core/Src/usbd_core.o
                0x080071da                USBD_LL_DevDisconnected
 .text.USBD_CoreFindIF
                0x08007220       0x1a ./Middlewares/ST/STM32_USB_Device_Library/Core/Src/usbd_core.o
                0x08007220                USBD_CoreFindIF
 .text.USBD_CoreFindEP
                0x0800723a       0x1a ./Middlewares/ST/STM32_USB_Device_Library/Core/Src/usbd_core.o
                0x0800723a                USBD_CoreFindEP
 .text.USBD_GetNextDesc
                0x08007254       0x38 ./Middlewares/ST/STM32_USB_Device_Library/Core/Src/usbd_core.o
                0x08007254                USBD_GetNextDesc
 .text.SWAPBYTE
                0x0800728c       0x3e ./Middlewares/ST/STM32_USB_Device_Library/Core/Src/usbd_ctlreq.o
 *fill*         0x080072ca        0x2 
 .text.USBD_StdDevReq
                0x080072cc       0xe4 ./Middlewares/ST/STM32_USB_Device_Library/Core/Src/usbd_ctlreq.o
                0x080072cc                USBD_StdDevReq
 .text.USBD_StdItfReq
                0x080073b0       0xd8 ./Middlewares/ST/STM32_USB_Device_Library/Core/Src/usbd_ctlreq.o
                0x080073b0                USBD_StdItfReq
 .text.USBD_StdEPReq
                0x08007488      0x33e ./Middlewares/ST/STM32_USB_Device_Library/Core/Src/usbd_ctlreq.o
                0x08007488                USBD_StdEPReq
 *fill*         0x080077c6        0x2 
 .text.USBD_GetDescriptor
                0x080077c8      0x2d4 ./Middlewares/ST/STM32_USB_Device_Library/Core/Src/usbd_ctlreq.o
 .text.USBD_SetAddress
                0x08007a9c       0x88 ./Middlewares/ST/STM32_USB_Device_Library/Core/Src/usbd_ctlreq.o
 .text.USBD_SetConfig
                0x08007b24      0x154 ./Middlewares/ST/STM32_USB_Device_Library/Core/Src/usbd_ctlreq.o
 .text.USBD_GetConfig
                0x08007c78       0x6c ./Middlewares/ST/STM32_USB_Device_Library/Core/Src/usbd_ctlreq.o
 .text.USBD_GetStatus
                0x08007ce4       0x68 ./Middlewares/ST/STM32_USB_Device_Library/Core/Src/usbd_ctlreq.o
 .text.USBD_SetFeature
                0x08007d4c       0x52 ./Middlewares/ST/STM32_USB_Device_Library/Core/Src/usbd_ctlreq.o
 .text.USBD_ClrFeature
                0x08007d9e       0x44 ./Middlewares/ST/STM32_USB_Device_Library/Core/Src/usbd_ctlreq.o
 .text.USBD_ParseSetupRequest
                0x08007de2       0x74 ./Middlewares/ST/STM32_USB_Device_Library/Core/Src/usbd_ctlreq.o
                0x08007de2                USBD_ParseSetupRequest
 .text.USBD_CtlError
                0x08007e56       0x22 ./Middlewares/ST/STM32_USB_Device_Library/Core/Src/usbd_ctlreq.o
                0x08007e56                USBD_CtlError
 .text.USBD_GetString
                0x08007e78       0xa4 ./Middlewares/ST/STM32_USB_Device_Library/Core/Src/usbd_ctlreq.o
                0x08007e78                USBD_GetString
 .text.USBD_GetLen
                0x08007f1c       0x34 ./Middlewares/ST/STM32_USB_Device_Library/Core/Src/usbd_ctlreq.o
 .text.USBD_CtlSendData
                0x08007f50       0x3c ./Middlewares/ST/STM32_USB_Device_Library/Core/Src/usbd_ioreq.o
                0x08007f50                USBD_CtlSendData
 .text.USBD_CtlContinueSendData
                0x08007f8c       0x22 ./Middlewares/ST/STM32_USB_Device_Library/Core/Src/usbd_ioreq.o
                0x08007f8c                USBD_CtlContinueSendData
 .text.USBD_CtlPrepareRx
                0x08007fae       0x42 ./Middlewares/ST/STM32_USB_Device_Library/Core/Src/usbd_ioreq.o
                0x08007fae                USBD_CtlPrepareRx
 .text.USBD_CtlContinueRx
                0x08007ff0       0x22 ./Middlewares/ST/STM32_USB_Device_Library/Core/Src/usbd_ioreq.o
                0x08007ff0                USBD_CtlContinueRx
 .text.USBD_CtlSendStatus
                0x08008012       0x26 ./Middlewares/ST/STM32_USB_Device_Library/Core/Src/usbd_ioreq.o
                0x08008012                USBD_CtlSendStatus
 .text.USBD_CtlReceiveStatus
                0x08008038       0x26 ./Middlewares/ST/STM32_USB_Device_Library/Core/Src/usbd_ioreq.o
                0x08008038                USBD_CtlReceiveStatus
 *fill*         0x0800805e        0x2 
 .text.MX_USB_DEVICE_Init
                0x08008060       0x60 ./USB_DEVICE/App/usb_device.o
                0x08008060                MX_USB_DEVICE_Init
 .text.AUDIO_Init_FS
                0x080080c0       0x1a ./USB_DEVICE/App/usbd_audio_if.o
 .text.AUDIO_DeInit_FS
                0x080080da       0x16 ./USB_DEVICE/App/usbd_audio_if.o
 .text.AUDIO_AudioCmd_FS
                0x080080f0       0x28 ./USB_DEVICE/App/usbd_audio_if.o
 .text.AUDIO_VolumeCtl_FS
                0x08008118       0x18 ./USB_DEVICE/App/usbd_audio_if.o
 .text.AUDIO_MuteCtl_FS
                0x08008130       0x18 ./USB_DEVICE/App/usbd_audio_if.o
 .text.AUDIO_PeriodicTC_FS
                0x08008148       0x1c ./USB_DEVICE/App/usbd_audio_if.o
 .text.AUDIO_GetState_FS
                0x08008164       0x10 ./USB_DEVICE/App/usbd_audio_if.o
 .text.USBD_FS_DeviceDescriptor
                0x08008174       0x24 ./USB_DEVICE/App/usbd_desc.o
                0x08008174                USBD_FS_DeviceDescriptor
 .text.USBD_FS_LangIDStrDescriptor
                0x08008198       0x24 ./USB_DEVICE/App/usbd_desc.o
                0x08008198                USBD_FS_LangIDStrDescriptor
 .text.USBD_FS_ProductStrDescriptor
                0x080081bc       0x3c ./USB_DEVICE/App/usbd_desc.o
                0x080081bc                USBD_FS_ProductStrDescriptor
 .text.USBD_FS_ManufacturerStrDescriptor
                0x080081f8       0x28 ./USB_DEVICE/App/usbd_desc.o
                0x080081f8                USBD_FS_ManufacturerStrDescriptor
 .text.USBD_FS_SerialStrDescriptor
                0x08008220       0x24 ./USB_DEVICE/App/usbd_desc.o
                0x08008220                USBD_FS_SerialStrDescriptor
 .text.USBD_FS_ConfigStrDescriptor
                0x08008244       0x3c ./USB_DEVICE/App/usbd_desc.o
                0x08008244                USBD_FS_ConfigStrDescriptor
 .text.USBD_FS_InterfaceStrDescriptor
                0x08008280       0x3c ./USB_DEVICE/App/usbd_desc.o
                0x08008280                USBD_FS_InterfaceStrDescriptor
 .text.Get_SerialNum
                0x080082bc       0x58 ./USB_DEVICE/App/usbd_desc.o
 .text.IntToUnicode
                0x08008314       0x7e ./USB_DEVICE/App/usbd_desc.o
 *fill*         0x08008392        0x2 
 .text.HAL_PCD_MspInit
                0x08008394       0xa8 ./USB_DEVICE/Target/usbd_conf.o
                0x08008394                HAL_PCD_MspInit
 .text.HAL_PCD_SetupStageCallback
                0x0800843c       0x24 ./USB_DEVICE/Target/usbd_conf.o
                0x0800843c                HAL_PCD_SetupStageCallback
 .text.HAL_PCD_DataOutStageCallback
                0x08008460       0x36 ./USB_DEVICE/Target/usbd_conf.o
                0x08008460                HAL_PCD_DataOutStageCallback
 .text.HAL_PCD_DataInStageCallback
                0x08008496       0x34 ./USB_DEVICE/Target/usbd_conf.o
                0x08008496                HAL_PCD_DataInStageCallback
 .text.HAL_PCD_SOFCallback
                0x080084ca       0x1c ./USB_DEVICE/Target/usbd_conf.o
                0x080084ca                HAL_PCD_SOFCallback
 .text.HAL_PCD_ResetCallback
                0x080084e6       0x50 ./USB_DEVICE/Target/usbd_conf.o
                0x080084e6                HAL_PCD_ResetCallback
 *fill*         0x08008536        0x2 
 .text.HAL_PCD_SuspendCallback
                0x08008538       0x4c ./USB_DEVICE/Target/usbd_conf.o
                0x08008538                HAL_PCD_SuspendCallback
 .text.HAL_PCD_ResumeCallback
                0x08008584       0x1c ./USB_DEVICE/Target/usbd_conf.o
                0x08008584                HAL_PCD_ResumeCallback
 .text.HAL_PCD_ISOOUTIncompleteCallback
                0x080085a0       0x24 ./USB_DEVICE/Target/usbd_conf.o
                0x080085a0                HAL_PCD_ISOOUTIncompleteCallback
 .text.HAL_PCD_ISOINIncompleteCallback
                0x080085c4       0x24 ./USB_DEVICE/Target/usbd_conf.o
                0x080085c4                HAL_PCD_ISOINIncompleteCallback
 .text.HAL_PCD_ConnectCallback
                0x080085e8       0x1c ./USB_DEVICE/Target/usbd_conf.o
                0x080085e8                HAL_PCD_ConnectCallback
 .text.HAL_PCD_DisconnectCallback
                0x08008604       0x1c ./USB_DEVICE/Target/usbd_conf.o
                0x08008604                HAL_PCD_DisconnectCallback
 .text.USBD_LL_Init
                0x08008620       0x98 ./USB_DEVICE/Target/usbd_conf.o
                0x08008620                USBD_LL_Init
 .text.USBD_LL_Start
                0x080086b8       0x36 ./USB_DEVICE/Target/usbd_conf.o
                0x080086b8                USBD_LL_Start
 .text.USBD_LL_OpenEP
                0x080086ee       0x4c ./USB_DEVICE/Target/usbd_conf.o
                0x080086ee                USBD_LL_OpenEP
 .text.USBD_LL_CloseEP
                0x0800873a       0x3e ./USB_DEVICE/Target/usbd_conf.o
                0x0800873a                USBD_LL_CloseEP
 .text.USBD_LL_StallEP
                0x08008778       0x3e ./USB_DEVICE/Target/usbd_conf.o
                0x08008778                USBD_LL_StallEP
 .text.USBD_LL_ClearStallEP
                0x080087b6       0x3e ./USB_DEVICE/Target/usbd_conf.o
                0x080087b6                USBD_LL_ClearStallEP
 .text.USBD_LL_IsStallEP
                0x080087f4       0x58 ./USB_DEVICE/Target/usbd_conf.o
                0x080087f4                USBD_LL_IsStallEP
 .text.USBD_LL_SetUSBAddress
                0x0800884c       0x3e ./USB_DEVICE/Target/usbd_conf.o
                0x0800884c                USBD_LL_SetUSBAddress
 .text.USBD_LL_Transmit
                0x0800888a       0x42 ./USB_DEVICE/Target/usbd_conf.o
                0x0800888a                USBD_LL_Transmit
 .text.USBD_LL_PrepareReceive
                0x080088cc       0x42 ./USB_DEVICE/Target/usbd_conf.o
                0x080088cc                USBD_LL_PrepareReceive
 .text.USBD_LL_GetRxDataSize
                0x0800890e       0x26 ./USB_DEVICE/Target/usbd_conf.o
                0x0800890e                USBD_LL_GetRxDataSize
 .text.USBD_static_malloc
                0x08008934       0x1c ./USB_DEVICE/Target/usbd_conf.o
                0x08008934                USBD_static_malloc
 .text.USBD_static_free
                0x08008950       0x14 ./USB_DEVICE/Target/usbd_conf.o
                0x08008950                USBD_static_free
 .text.USBD_Get_USB_Status
                0x08008964       0x58 ./USB_DEVICE/Target/usbd_conf.o
                0x08008964                USBD_Get_USB_Status
 .text.memset   0x080089bc       0x10 C:/ST/STM32CubeIDE_2.0.0/STM32CubeIDE/plugins/com.st.stm32cube.ide.mcu.externaltools.gnu-tools-for-stm32.14.3.rel1.win32_1.0.100.202602081740/tools/bin/../lib/gcc/arm-none-eabi/14.3.1/../../../../arm-none-eabi/lib/thumb/v7e-m+fp/hard\libc_nano.a(libc_a-memset.o)
                0x080089bc                memset
 .text.__libc_init_array
                0x080089cc       0x48 C:/ST/STM32CubeIDE_2.0.0/STM32CubeIDE/plugins/com.st.stm32cube.ide.mcu.externaltools.gnu-tools-for-stm32.14.3.rel1.win32_1.0.100.202602081740/tools/bin/../lib/gcc/arm-none-eabi/14.3.1/../../../../arm-none-eabi/lib/thumb/v7e-m+fp/hard\libc_nano.a(libc_a-init.o)
                0x080089cc                __libc_init_array
 *(.glue_7)
 .glue_7        0x08008a14        0x0 linker stubs
 *(.glue_7t)
 .glue_7t       0x08008a14        0x0 linker stubs
 *(.eh_frame)
 .eh_frame      0x08008a14        0x0 C:/ST/STM32CubeIDE_2.0.0/STM32CubeIDE/plugins/com.st.stm32cube.ide.mcu.externaltools.gnu-tools-for-stm32.14.3.rel1.win32_1.0.100.202602081740/tools/bin/../lib/gcc/arm-none-eabi/14.3.1/thumb/v7e-m+fp/hard/crtbegin.o
 *(.init)
 .init          0x08008a14        0x4 C:/ST/STM32CubeIDE_2.0.0/STM32CubeIDE/plugins/com.st.stm32cube.ide.mcu.externaltools.gnu-tools-for-stm32.14.3.rel1.win32_1.0.100.202602081740/tools/bin/../lib/gcc/arm-none-eabi/14.3.1/thumb/v7e-m+fp/hard/crti.o
                0x08008a14                _init
 .init          0x08008a18        0x8 C:/ST/STM32CubeIDE_2.0.0/STM32CubeIDE/plugins/com.st.stm32cube.ide.mcu.externaltools.gnu-tools-for-stm32.14.3.rel1.win32_1.0.100.202602081740/tools/bin/../lib/gcc/arm-none-eabi/14.3.1/thumb/v7e-m+fp/hard/crtn.o
 *(.fini)
 .fini          0x08008a20        0x4 C:/ST/STM32CubeIDE_2.0.0/STM32CubeIDE/plugins/com.st.stm32cube.ide.mcu.externaltools.gnu-tools-for-stm32.14.3.rel1.win32_1.0.100.202602081740/tools/bin/../lib/gcc/arm-none-eabi/14.3.1/thumb/v7e-m+fp/hard/crti.o
                0x08008a20                _fini
 .fini          0x08008a24        0x8 C:/ST/STM32CubeIDE_2.0.0/STM32CubeIDE/plugins/com.st.stm32cube.ide.mcu.externaltools.gnu-tools-for-stm32.14.3.rel1.win32_1.0.100.202602081740/tools/bin/../lib/gcc/arm-none-eabi/14.3.1/thumb/v7e-m+fp/hard/crtn.o
                0x08008a2c                        . = ALIGN (0x4)
                0x08008a2c                        _etext = .

.vfp11_veneer   0x08008a2c        0x0
 .vfp11_veneer  0x08008a2c        0x0 linker stubs

.v4_bx          0x08008a2c        0x0
 .v4_bx         0x08008a2c        0x0 linker stubs

.iplt           0x08008a2c        0x0
 .iplt          0x08008a2c        0x0 C:/ST/STM32CubeIDE_2.0.0/STM32CubeIDE/plugins/com.st.stm32cube.ide.mcu.externaltools.gnu-tools-for-stm32.14.3.rel1.win32_1.0.100.202602081740/tools/bin/../lib/gcc/arm-none-eabi/14.3.1/thumb/v7e-m+fp/hard/crtbegin.o

.rodata         0x08008a2c       0x60
                0x08008a2c                        . = ALIGN (0x4)
 *(.rodata)
 .rodata        0x08008a2c       0x48 ./USB_DEVICE/App/usbd_desc.o
 *(.rodata*)
 .rodata.AHBPrescTable
                0x08008a74       0x10 ./Core/Src/system_stm32f4xx.o
                0x08008a74                AHBPrescTable
 .rodata.APBPrescTable
                0x08008a84        0x8 ./Core/Src/system_stm32f4xx.o
                0x08008a84                APBPrescTable
                0x08008a8c                        . = ALIGN (0x4)

.ARM.extab      0x08008a8c        0x0
                0x08008a8c                        . = ALIGN (0x4)
 *(.ARM.extab* .gnu.linkonce.armextab.*)
                0x08008a8c                        . = ALIGN (0x4)

.ARM            0x08008a8c        0x8
                0x08008a8c                        . = ALIGN (0x4)
                0x08008a8c                        __exidx_start = .
 *(.ARM.exidx*)
 .ARM.exidx     0x08008a8c        0x8 C:/ST/STM32CubeIDE_2.0.0/STM32CubeIDE/plugins/com.st.stm32cube.ide.mcu.externaltools.gnu-tools-for-stm32.14.3.rel1.win32_1.0.100.202602081740/tools/bin/../lib/gcc/arm-none-eabi/14.3.1/thumb/v7e-m+fp/hard\libgcc.a(_udivmoddi4.o)
                0x08008a94                        __exidx_end = .
                0x08008a94                        . = ALIGN (0x4)

.preinit_array  0x08008a94        0x0
                0x08008a94                        . = ALIGN (0x4)
                0x08008a94                        PROVIDE (__preinit_array_start = .)
 *(.preinit_array*)
                0x08008a94                        PROVIDE (__preinit_array_end = .)
                0x08008a94                        . = ALIGN (0x4)

.init_array     0x08008a94        0x4
                0x08008a94                        . = ALIGN (0x4)
                0x08008a94                        PROVIDE (__init_array_start = .)
 *(SORT_BY_NAME(.init_array.*))
 *(.init_array*)
 .init_array    0x08008a94        0x4 C:/ST/STM32CubeIDE_2.0.0/STM32CubeIDE/plugins/com.st.stm32cube.ide.mcu.externaltools.gnu-tools-for-stm32.14.3.rel1.win32_1.0.100.202602081740/tools/bin/../lib/gcc/arm-none-eabi/14.3.1/thumb/v7e-m+fp/hard/crtbegin.o
                0x08008a98                        PROVIDE (__init_array_end = .)
                0x08008a98                        . = ALIGN (0x4)

.fini_array     0x08008a98        0x4
                0x08008a98                        . = ALIGN (0x4)
                [!provide]                        PROVIDE (__fini_array_start = .)
 *(SORT_BY_NAME(.fini_array.*))
 *(.fini_array*)
 .fini_array    0x08008a98        0x4 C:/ST/STM32CubeIDE_2.0.0/STM32CubeIDE/plugins/com.st.stm32cube.ide.mcu.externaltools.gnu-tools-for-stm32.14.3.rel1.win32_1.0.100.202602081740/tools/bin/../lib/gcc/arm-none-eabi/14.3.1/thumb/v7e-m+fp/hard/crtbegin.o
                [!provide]                        PROVIDE (__fini_array_end = .)
                0x08008a9c                        . = ALIGN (0x4)
                0x08008a9c                        _sidata = LOADADDR (.data)

.rel.dyn        0x08008a9c        0x0
 .rel.iplt      0x08008a9c        0x0 C:/ST/STM32CubeIDE_2.0.0/STM32CubeIDE/plugins/com.st.stm32cube.ide.mcu.externaltools.gnu-tools-for-stm32.14.3.rel1.win32_1.0.100.202602081740/tools/bin/../lib/gcc/arm-none-eabi/14.3.1/thumb/v7e-m+fp/hard/crtbegin.o

.data           0x20000000      0x12c load address 0x08008a9c
                0x20000000                        . = ALIGN (0x4)
                0x20000000                        _sdata = .
 *(.data)
 *(.data*)
 .data.SystemCoreClock
                0x20000000        0x4 ./Core/Src/system_stm32f4xx.o
                0x20000000                SystemCoreClock
 .data.uwTickPrio
                0x20000004        0x4 ./Drivers/STM32F4xx_HAL_Driver/Src/stm32f4xx_hal.o
                0x20000004                uwTickPrio
 .data.uwTickFreq
                0x20000008        0x1 ./Drivers/STM32F4xx_HAL_Driver/Src/stm32f4xx_hal.o
                0x20000008                uwTickFreq
 *fill*         0x20000009        0x3 
 .data.USBD_AUDIO
                0x2000000c       0x38 ./Middlewares/ST/STM32_USB_Device_Library/Class/AUDIO/Src/usbd_audio.o
                0x2000000c                USBD_AUDIO
 .data.USBD_AUDIO_CfgDesc
                0x20000044       0x6d ./Middlewares/ST/STM32_USB_Device_Library/Class/AUDIO/Src/usbd_audio.o
 *fill*         0x200000b1        0x3 
 .data.USBD_AUDIO_DeviceQualifierDesc
                0x200000b4        0xa ./Middlewares/ST/STM32_USB_Device_Library/Class/AUDIO/Src/usbd_audio.o
 .data.AUDIOOutEpAdd
                0x200000be        0x1 ./Middlewares/ST/STM32_USB_Device_Library/Class/AUDIO/Src/usbd_audio.o
 *fill*         0x200000bf        0x1 
 .data.USBD_AUDIO_fops_FS
                0x200000c0       0x1c ./USB_DEVICE/App/usbd_audio_if.o
                0x200000c0                USBD_AUDIO_fops_FS
 .data.FS_Desc  0x200000dc       0x1c ./USB_DEVICE/App/usbd_desc.o
                0x200000dc                FS_Desc
 .data.USBD_FS_DeviceDesc
                0x200000f8       0x12 ./USB_DEVICE/App/usbd_desc.o
                0x200000f8                USBD_FS_DeviceDesc
 *fill*         0x2000010a        0x2 
 .data.USBD_LangIDDesc
                0x2000010c        0x4 ./USB_DEVICE/App/usbd_desc.o
                0x2000010c                USBD_LangIDDesc
 .data.USBD_StringSerial
                0x20000110       0x1a ./USB_DEVICE/App/usbd_desc.o
                0x20000110                USBD_StringSerial
 *(.RamFunc)
 *(.RamFunc*)
                0x2000012c                        . = ALIGN (0x4)
 *fill*         0x2000012a        0x2 
                0x2000012c                        _edata = .
                0x08008bc8                        _siccmram = LOADADDR (.ccmram)

.igot.plt       0x2000012c        0x0 load address 0x08008bc8
 .igot.plt      0x2000012c        0x0 C:/ST/STM32CubeIDE_2.0.0/STM32CubeIDE/plugins/com.st.stm32cube.ide.mcu.externaltools.gnu-tools-for-stm32.14.3.rel1.win32_1.0.100.202602081740/tools/bin/../lib/gcc/arm-none-eabi/14.3.1/thumb/v7e-m+fp/hard/crtbegin.o

.ccmram         0x10000000        0x0 load address 0x08008bc8
                0x10000000                        . = ALIGN (0x4)
                0x10000000                        _sccmram = .
 *(.ccmram)
 *(.ccmram*)
                0x10000000                        . = ALIGN (0x4)
                0x10000000                        _eccmram = .
                0x10000000                        . = ALIGN (0x4)

.bss            0x2000012c     0x285c
                0x2000012c                        _sbss = .
                0x2000012c                        __bss_start__ = _sbss
 *(.bss)
 .bss           0x2000012c       0x1c C:/ST/STM32CubeIDE_2.0.0/STM32CubeIDE/plugins/com.st.stm32cube.ide.mcu.externaltools.gnu-tools-for-stm32.14.3.rel1.win32_1.0.100.202602081740/tools/bin/../lib/gcc/arm-none-eabi/14.3.1/thumb/v7e-m+fp/hard/crtbegin.o
 *(.bss*)
 .bss.hiwdg     0x20000148        0xc ./Core/Src/iwdg.o
                0x20000148                hiwdg
 .bss.hspi2     0x20000154       0x58 ./Core/Src/spi.o
                0x20000154                hspi2
 .bss.htim1     0x200001ac       0x48 ./Core/Src/tim.o
                0x200001ac                htim1
 .bss.htim4     0x200001f4       0x48 ./Core/Src/tim.o
                0x200001f4                htim4
 .bss.htim7     0x2000023c       0x48 ./Core/Src/tim.o
                0x2000023c                htim7
 .bss.htim9     0x20000284       0x48 ./Core/Src/tim.o
                0x20000284                htim9
 .bss.htim10    0x200002cc       0x48 ./Core/Src/tim.o
                0x200002cc                htim10
 .bss.htim11    0x20000314       0x48 ./Core/Src/tim.o
                0x20000314                htim11
 .bss.htim13    0x2000035c       0x48 ./Core/Src/tim.o
                0x2000035c                htim13
 .bss.huart1    0x200003a4       0x48 ./Core/Src/usart.o
                0x200003a4                huart1
 .bss.uwTick    0x200003ec        0x4 ./Drivers/STM32F4xx_HAL_Driver/Src/stm32f4xx_hal.o
                0x200003ec                uwTick
 .bss.cfgidx.0  0x200003f0        0x1 ./Middlewares/ST/STM32_USB_Device_Library/Core/Src/usbd_ctlreq.o
 *fill*         0x200003f1        0x3 
 .bss.hUsbDeviceFS
                0x200003f4      0x2dc ./USB_DEVICE/App/usb_device.o
                0x200003f4                hUsbDeviceFS
 .bss.USBD_StrDesc
                0x200006d0      0x200 ./USB_DEVICE/App/usbd_desc.o
                0x200006d0                USBD_StrDesc
 .bss.hpcd_USB_OTG_FS
                0x200008d0      0x4e4 ./USB_DEVICE/Target/usbd_conf.o
                0x200008d0                hpcd_USB_OTG_FS
 .bss.mem.0     0x20000db4     0x1bd4 ./USB_DEVICE/Target/usbd_conf.o
 *(COMMON)
                0x20002988                        . = ALIGN (0x4)
                0x20002988                        _ebss = .
                0x20002988                        __bss_end__ = _ebss

._user_heap_stack
                0x20002988      0x600
                0x20002988                        . = ALIGN (0x8)
                [!provide]                        PROVIDE (end = .)
                0x20002988                        PROVIDE (_end = .)
                0x20002b88                        . = (. + _Min_Heap_Size)
 *fill*         0x20002988      0x200 
                0x20002f88                        . = (. + _Min_Stack_Size)
 *fill*         0x20002b88      0x400 
                0x20002f88                        . = ALIGN (0x8)

/DISCARD/
 libc.a(*)
 libm.a(*)
 libgcc.a(*)

.ARM.attributes
                0x00000000       0x30
 *(.ARM.attributes)
 .ARM.attributes
                0x00000000       0x22 C:/ST/STM32CubeIDE_2.0.0/STM32CubeIDE/plugins/com.st.stm32cube.ide.mcu.externaltools.gnu-tools-for-stm32.14.3.rel1.win32_1.0.100.202602081740/tools/bin/../lib/gcc/arm-none-eabi/14.3.1/thumb/v7e-m+fp/hard/crti.o
 .ARM.attributes
                0x00000022       0x34 C:/ST/STM32CubeIDE_2.0.0/STM32CubeIDE/plugins/com.st.stm32cube.ide.mcu.externaltools.gnu-tools-for-stm32.14.3.rel1.win32_1.0.100.202602081740/tools/bin/../lib/gcc/arm-none-eabi/14.3.1/thumb/v7e-m+fp/hard/crtbegin.o
 .ARM.attributes
                0x00000056       0x34 ./Core/Src/gpio.o
 .ARM.attributes
                0x0000008a       0x34 ./Core/Src/iwdg.o
 .ARM.attributes
                0x000000be       0x34 ./Core/Src/main.o
 .ARM.attributes
                0x000000f2       0x34 ./Core/Src/spi.o
 .ARM.attributes
                0x00000126       0x34 ./Core/Src/stm32f4xx_hal_msp.o
 .ARM.attributes
                0x0000015a       0x34 ./Core/Src/stm32f4xx_it.o
 .ARM.attributes
                0x0000018e       0x34 ./Core/Src/system_stm32f4xx.o
 .ARM.attributes
                0x000001c2       0x34 ./Core/Src/tim.o
 .ARM.attributes
                0x000001f6       0x34 ./Core/Src/usart.o
 .ARM.attributes
                0x0000022a       0x21 ./Core/Startup/startup_stm32f407zgtx.o
 .ARM.attributes
                0x0000024b       0x34 ./Drivers/STM32F4xx_HAL_Driver/Src/stm32f4xx_hal.o
 .ARM.attributes
                0x0000027f       0x34 ./Drivers/STM32F4xx_HAL_Driver/Src/stm32f4xx_hal_cortex.o
 .ARM.attributes
                0x000002b3       0x34 ./Drivers/STM32F4xx_HAL_Driver/Src/stm32f4xx_hal_gpio.o
 .ARM.attributes
                0x000002e7       0x34 ./Drivers/STM32F4xx_HAL_Driver/Src/stm32f4xx_hal_iwdg.o
 .ARM.attributes
                0x0000031b       0x34 ./Drivers/STM32F4xx_HAL_Driver/Src/stm32f4xx_hal_pcd.o
 .ARM.attributes
                0x0000034f       0x34 ./Drivers/STM32F4xx_HAL_Driver/Src/stm32f4xx_hal_pcd_ex.o
 .ARM.attributes
                0x00000383       0x34 ./Drivers/STM32F4xx_HAL_Driver/Src/stm32f4xx_hal_rcc.o
 .ARM.attributes
                0x000003b7       0x34 ./Drivers/STM32F4xx_HAL_Driver/Src/stm32f4xx_hal_spi.o
 .ARM.attributes
                0x000003eb       0x34 ./Drivers/STM32F4xx_HAL_Driver/Src/stm32f4xx_hal_tim.o
 .ARM.attributes
                0x0000041f       0x34 ./Drivers/STM32F4xx_HAL_Driver/Src/stm32f4xx_hal_tim_ex.o
 .ARM.attributes
                0x00000453       0x34 ./Drivers/STM32F4xx_HAL_Driver/Src/stm32f4xx_hal_uart.o
 .ARM.attributes
                0x00000487       0x34 ./Drivers/STM32F4xx_HAL_Driver/Src/stm32f4xx_ll_usb.o
 .ARM.attributes
                0x000004bb       0x34 ./Middlewares/ST/STM32_USB_Device_Library/Class/AUDIO/Src/usbd_audio.o
 .ARM.attributes
                0x000004ef       0x34 ./Middlewares/ST/STM32_USB_Device_Library/Core/Src/usbd_core.o
 .ARM.attributes
                0x00000523       0x34 ./Middlewares/ST/STM32_USB_Device_Library/Core/Src/usbd_ctlreq.o
 .ARM.attributes
                0x00000557       0x34 ./Middlewares/ST/STM32_USB_Device_Library/Core/Src/usbd_ioreq.o
 .ARM.attributes
                0x0000058b       0x34 ./USB_DEVICE/App/usb_device.o
 .ARM.attributes
                0x000005bf       0x34 ./USB_DEVICE/App/usbd_audio_if.o
 .ARM.attributes
                0x000005f3       0x34 ./USB_DEVICE/App/usbd_desc.o
 .ARM.attributes
                0x00000627       0x34 ./USB_DEVICE/Target/usbd_conf.o
 .ARM.attributes
                0x0000065b       0x34 C:/ST/STM32CubeIDE_2.0.0/STM32CubeIDE/plugins/com.st.stm32cube.ide.mcu.externaltools.gnu-tools-for-stm32.14.3.rel1.win32_1.0.100.202602081740/tools/bin/../lib/gcc/arm-none-eabi/14.3.1/../../../../arm-none-eabi/lib/thumb/v7e-m+fp/hard\libc_nano.a(libc_a-memset.o)
 .ARM.attributes
                0x0000068f       0x34 C:/ST/STM32CubeIDE_2.0.0/STM32CubeIDE/plugins/com.st.stm32cube.ide.mcu.externaltools.gnu-tools-for-stm32.14.3.rel1.win32_1.0.100.202602081740/tools/bin/../lib/gcc/arm-none-eabi/14.3.1/../../../../arm-none-eabi/lib/thumb/v7e-m+fp/hard\libc_nano.a(libc_a-init.o)
 .ARM.attributes
                0x000006c3       0x22 C:/ST/STM32CubeIDE_2.0.0/STM32CubeIDE/plugins/com.st.stm32cube.ide.mcu.externaltools.gnu-tools-for-stm32.14.3.rel1.win32_1.0.100.202602081740/tools/bin/../lib/gcc/arm-none-eabi/14.3.1/thumb/v7e-m+fp/hard\libgcc.a(_aeabi_uldivmod.o)
 .ARM.attributes
                0x000006e5       0x34 C:/ST/STM32CubeIDE_2.0.0/STM32CubeIDE/plugins/com.st.stm32cube.ide.mcu.externaltools.gnu-tools-for-stm32.14.3.rel1.win32_1.0.100.202602081740/tools/bin/../lib/gcc/arm-none-eabi/14.3.1/thumb/v7e-m+fp/hard\libgcc.a(_udivmoddi4.o)
 .ARM.attributes
                0x00000719       0x22 C:/ST/STM32CubeIDE_2.0.0/STM32CubeIDE/plugins/com.st.stm32cube.ide.mcu.externaltools.gnu-tools-for-stm32.14.3.rel1.win32_1.0.100.202602081740/tools/bin/../lib/gcc/arm-none-eabi/14.3.1/thumb/v7e-m+fp/hard\libgcc.a(_dvmd_tls.o)
 .ARM.attributes
                0x0000073b       0x22 C:/ST/STM32CubeIDE_2.0.0/STM32CubeIDE/plugins/com.st.stm32cube.ide.mcu.externaltools.gnu-tools-for-stm32.14.3.rel1.win32_1.0.100.202602081740/tools/bin/../lib/gcc/arm-none-eabi/14.3.1/thumb/v7e-m+fp/hard/crtn.o
OUTPUT(Main.elf elf32-littlearm)
LOAD linker stubs
LOAD C:/ST/STM32CubeIDE_2.0.0/STM32CubeIDE/plugins/com.st.stm32cube.ide.mcu.externaltools.gnu-tools-for-stm32.14.3.rel1.win32_1.0.100.202602081740/tools/bin/../lib/gcc/arm-none-eabi/14.3.1/../../../../arm-none-eabi/lib/thumb/v7e-m+fp/hard\libc.a
LOAD C:/ST/STM32CubeIDE_2.0.0/STM32CubeIDE/plugins/com.st.stm32cube.ide.mcu.externaltools.gnu-tools-for-stm32.14.3.rel1.win32_1.0.100.202602081740/tools/bin/../lib/gcc/arm-none-eabi/14.3.1/../../../../arm-none-eabi/lib/thumb/v7e-m+fp/hard\libm.a
LOAD C:/ST/STM32CubeIDE_2.0.0/STM32CubeIDE/plugins/com.st.stm32cube.ide.mcu.externaltools.gnu-tools-for-stm32.14.3.rel1.win32_1.0.100.202602081740/tools/bin/../lib/gcc/arm-none-eabi/14.3.1/thumb/v7e-m+fp/hard\libgcc.a

.debug_info     0x00000000    0x18620
 .debug_info    0x00000000      0x6b6 ./Core/Src/gpio.o
 .debug_info    0x000006b6      0x1b9 ./Core/Src/iwdg.o
 .debug_info    0x0000086f      0x509 ./Core/Src/main.o
 .debug_info    0x00000d78      0x969 ./Core/Src/spi.o
 .debug_info    0x000016e1      0x269 ./Core/Src/stm32f4xx_hal_msp.o
 .debug_info    0x0000194a      0xc6f ./Core/Src/stm32f4xx_it.o
 .debug_info    0x000025b9      0x512 ./Core/Src/system_stm32f4xx.o
 .debug_info    0x00002acb     0x119f ./Core/Src/tim.o
 .debug_info    0x00003c6a      0x91d ./Core/Src/usart.o
 .debug_info    0x00004587       0x30 ./Core/Startup/startup_stm32f407zgtx.o
 .debug_info    0x000045b7      0x944 ./Drivers/STM32F4xx_HAL_Driver/Src/stm32f4xx_hal.o
 .debug_info    0x00004efb      0xd8c ./Drivers/STM32F4xx_HAL_Driver/Src/stm32f4xx_hal_cortex.o
 .debug_info    0x00005c87      0x6c3 ./Drivers/STM32F4xx_HAL_Driver/Src/stm32f4xx_hal_gpio.o
 .debug_info    0x0000634a      0x1d8 ./Drivers/STM32F4xx_HAL_Driver/Src/stm32f4xx_hal_iwdg.o
 .debug_info    0x00006522     0x156f ./Drivers/STM32F4xx_HAL_Driver/Src/stm32f4xx_hal_pcd.o
 .debug_info    0x00007a91      0x6ea ./Drivers/STM32F4xx_HAL_Driver/Src/stm32f4xx_hal_pcd_ex.o
 .debug_info    0x0000817b      0x8c3 ./Drivers/STM32F4xx_HAL_Driver/Src/stm32f4xx_hal_rcc.o
 .debug_info    0x00008a3e     0x1525 ./Drivers/STM32F4xx_HAL_Driver/Src/stm32f4xx_hal_spi.o
 .debug_info    0x00009f63     0x299d ./Drivers/STM32F4xx_HAL_Driver/Src/stm32f4xx_hal_tim.o
 .debug_info    0x0000c900     0x14db ./Drivers/STM32F4xx_HAL_Driver/Src/stm32f4xx_hal_tim_ex.o
 .debug_info    0x0000dddb     0x2f4f ./Drivers/STM32F4xx_HAL_Driver/Src/stm32f4xx_hal_uart.o
 .debug_info    0x00010d2a     0x1993 ./Drivers/STM32F4xx_HAL_Driver/Src/stm32f4xx_ll_usb.o
 .debug_info    0x000126bd      0xe8c ./Middlewares/ST/STM32_USB_Device_Library/Class/AUDIO/Src/usbd_audio.o
 .debug_info    0x00013549      0xe12 ./Middlewares/ST/STM32_USB_Device_Library/Core/Src/usbd_core.o
 .debug_info    0x0001435b      0xaeb ./Middlewares/ST/STM32_USB_Device_Library/Core/Src/usbd_ctlreq.o
 .debug_info    0x00014e46      0x762 ./Middlewares/ST/STM32_USB_Device_Library/Core/Src/usbd_ioreq.o
 .debug_info    0x000155a8      0x739 ./USB_DEVICE/App/usb_device.o
 .debug_info    0x00015ce1      0x86f ./USB_DEVICE/App/usbd_audio_if.o
 .debug_info    0x00016550      0x458 ./USB_DEVICE/App/usbd_desc.o
 .debug_info    0x000169a8     0x1c78 ./USB_DEVICE/Target/usbd_conf.o

.debug_abbrev   0x00000000     0x3e53
 .debug_abbrev  0x00000000      0x174 ./Core/Src/gpio.o
 .debug_abbrev  0x00000174      0x128 ./Core/Src/iwdg.o
 .debug_abbrev  0x0000029c      0x1de ./Core/Src/main.o
 .debug_abbrev  0x0000047a      0x1fa ./Core/Src/spi.o
 .debug_abbrev  0x00000674       0xd8 ./Core/Src/stm32f4xx_hal_msp.o
 .debug_abbrev  0x0000074c      0x219 ./Core/Src/stm32f4xx_it.o
 .debug_abbrev  0x00000965      0x11a ./Core/Src/system_stm32f4xx.o
 .debug_abbrev  0x00000a7f      0x25b ./Core/Src/tim.o
 .debug_abbrev  0x00000cda      0x1f9 ./Core/Src/usart.o
 .debug_abbrev  0x00000ed3       0x24 ./Core/Startup/startup_stm32f407zgtx.o
 .debug_abbrev  0x00000ef7      0x214 ./Drivers/STM32F4xx_HAL_Driver/Src/stm32f4xx_hal.o
 .debug_abbrev  0x0000110b      0x31d ./Drivers/STM32F4xx_HAL_Driver/Src/stm32f4xx_hal_cortex.o
 .debug_abbrev  0x00001428      0x1d4 ./Drivers/STM32F4xx_HAL_Driver/Src/stm32f4xx_hal_gpio.o
 .debug_abbrev  0x000015fc      0x12c ./Drivers/STM32F4xx_HAL_Driver/Src/stm32f4xx_hal_iwdg.o
 .debug_abbrev  0x00001728      0x2b9 ./Drivers/STM32F4xx_HAL_Driver/Src/stm32f4xx_hal_pcd.o
 .debug_abbrev  0x000019e1      0x1da ./Drivers/STM32F4xx_HAL_Driver/Src/stm32f4xx_hal_pcd_ex.o
 .debug_abbrev  0x00001bbb      0x2b7 ./Drivers/STM32F4xx_HAL_Driver/Src/stm32f4xx_hal_rcc.o
 .debug_abbrev  0x00001e72      0x27a ./Drivers/STM32F4xx_HAL_Driver/Src/stm32f4xx_hal_spi.o
 .debug_abbrev  0x000020ec      0x278 ./Drivers/STM32F4xx_HAL_Driver/Src/stm32f4xx_hal_tim.o
 .debug_abbrev  0x00002364      0x283 ./Drivers/STM32F4xx_HAL_Driver/Src/stm32f4xx_hal_tim_ex.o
 .debug_abbrev  0x000025e7      0x30e ./Drivers/STM32F4xx_HAL_Driver/Src/stm32f4xx_hal_uart.o
 .debug_abbrev  0x000028f5      0x2b3 ./Drivers/STM32F4xx_HAL_Driver/Src/stm32f4xx_ll_usb.o
 .debug_abbrev  0x00002ba8      0x316 ./Middlewares/ST/STM32_USB_Device_Library/Class/AUDIO/Src/usbd_audio.o
 .debug_abbrev  0x00002ebe      0x27c ./Middlewares/ST/STM32_USB_Device_Library/Core/Src/usbd_core.o
 .debug_abbrev  0x0000313a      0x26f ./Middlewares/ST/STM32_USB_Device_Library/Core/Src/usbd_ctlreq.o
 .debug_abbrev  0x000033a9      0x19a ./Middlewares/ST/STM32_USB_Device_Library/Core/Src/usbd_ioreq.o
 .debug_abbrev  0x00003543      0x1d0 ./USB_DEVICE/App/usb_device.o
 .debug_abbrev  0x00003713      0x217 ./USB_DEVICE/App/usbd_audio_if.o
 .debug_abbrev  0x0000392a      0x1e1 ./USB_DEVICE/App/usbd_desc.o
 .debug_abbrev  0x00003b0b      0x348 ./USB_DEVICE/Target/usbd_conf.o

.debug_aranges  0x00000000     0x15f8
 .debug_aranges
                0x00000000       0x20 ./Core/Src/gpio.o
 .debug_aranges
                0x00000020       0x20 ./Core/Src/iwdg.o
 .debug_aranges
                0x00000040       0x30 ./Core/Src/main.o
 .debug_aranges
                0x00000070       0x30 ./Core/Src/spi.o
 .debug_aranges
                0x000000a0       0x20 ./Core/Src/stm32f4xx_hal_msp.o
 .debug_aranges
                0x000000c0       0xa0 ./Core/Src/stm32f4xx_it.o
 .debug_aranges
                0x00000160       0x28 ./Core/Src/system_stm32f4xx.o
 .debug_aranges
                0x00000188       0x78 ./Core/Src/tim.o
 .debug_aranges
                0x00000200       0x30 ./Core/Src/usart.o
 .debug_aranges
                0x00000230       0x28 ./Core/Startup/startup_stm32f407zgtx.o
 .debug_aranges
                0x00000258       0xf0 ./Drivers/STM32F4xx_HAL_Driver/Src/stm32f4xx_hal.o
 .debug_aranges
                0x00000348      0x130 ./Drivers/STM32F4xx_HAL_Driver/Src/stm32f4xx_hal_cortex.o
 .debug_aranges
                0x00000478       0x58 ./Drivers/STM32F4xx_HAL_Driver/Src/stm32f4xx_hal_gpio.o
 .debug_aranges
                0x000004d0       0x28 ./Drivers/STM32F4xx_HAL_Driver/Src/stm32f4xx_hal_iwdg.o
 .debug_aranges
                0x000004f8      0x148 ./Drivers/STM32F4xx_HAL_Driver/Src/stm32f4xx_hal_pcd.o
 .debug_aranges
                0x00000640       0x38 ./Drivers/STM32F4xx_HAL_Driver/Src/stm32f4xx_hal_pcd_ex.o
 .debug_aranges
                0x00000678       0x88 ./Drivers/STM32F4xx_HAL_Driver/Src/stm32f4xx_hal_rcc.o
 .debug_aranges
                0x00000700      0x1d0 ./Drivers/STM32F4xx_HAL_Driver/Src/stm32f4xx_hal_spi.o
 .debug_aranges
                0x000008d0      0x3d0 ./Drivers/STM32F4xx_HAL_Driver/Src/stm32f4xx_hal_tim.o
 .debug_aranges
                0x00000ca0      0x168 ./Drivers/STM32F4xx_HAL_Driver/Src/stm32f4xx_hal_tim_ex.o
 .debug_aranges
                0x00000e08      0x208 ./Drivers/STM32F4xx_HAL_Driver/Src/stm32f4xx_hal_uart.o
 .debug_aranges
                0x00001010      0x1a0 ./Drivers/STM32F4xx_HAL_Driver/Src/stm32f4xx_ll_usb.o
 .debug_aranges
                0x000011b0       0xa0 ./Middlewares/ST/STM32_USB_Device_Library/Class/AUDIO/Src/usbd_audio.o
 .debug_aranges
                0x00001250       0xd8 ./Middlewares/ST/STM32_USB_Device_Library/Core/Src/usbd_core.o
 .debug_aranges
                0x00001328       0x90 ./Middlewares/ST/STM32_USB_Device_Library/Core/Src/usbd_ctlreq.o
 .debug_aranges
                0x000013b8       0x50 ./Middlewares/ST/STM32_USB_Device_Library/Core/Src/usbd_ioreq.o
 .debug_aranges
                0x00001408       0x20 ./USB_DEVICE/App/usb_device.o
 .debug_aranges
                0x00001428       0x60 ./USB_DEVICE/App/usbd_audio_if.o
 .debug_aranges
                0x00001488       0x60 ./USB_DEVICE/App/usbd_desc.o
 .debug_aranges
                0x000014e8      0x110 ./USB_DEVICE/Target/usbd_conf.o

.debug_rnglists
                0x00000000     0x10e0
 .debug_rnglists
                0x00000000       0x14 ./Core/Src/gpio.o
 .debug_rnglists
                0x00000014       0x13 ./Core/Src/iwdg.o
 .debug_rnglists
                0x00000027       0x20 ./Core/Src/main.o
 .debug_rnglists
                0x00000047       0x20 ./Core/Src/spi.o
 .debug_rnglists
                0x00000067       0x13 ./Core/Src/stm32f4xx_hal_msp.o
 .debug_rnglists
                0x0000007a       0x73 ./Core/Src/stm32f4xx_it.o
 .debug_rnglists
                0x000000ed       0x1a ./Core/Src/system_stm32f4xx.o
 .debug_rnglists
                0x00000107       0x5f ./Core/Src/tim.o
 .debug_rnglists
                0x00000166       0x20 ./Core/Src/usart.o
 .debug_rnglists
                0x00000186       0x19 ./Core/Startup/startup_stm32f407zgtx.o
 .debug_rnglists
                0x0000019f       0xaf ./Drivers/STM32F4xx_HAL_Driver/Src/stm32f4xx_hal.o
 .debug_rnglists
                0x0000024e       0xe0 ./Drivers/STM32F4xx_HAL_Driver/Src/stm32f4xx_hal_cortex.o
 .debug_rnglists
                0x0000032e       0x3f ./Drivers/STM32F4xx_HAL_Driver/Src/stm32f4xx_hal_gpio.o
 .debug_rnglists
                0x0000036d       0x1a ./Drivers/STM32F4xx_HAL_Driver/Src/stm32f4xx_hal_iwdg.o
 .debug_rnglists
                0x00000387       0xfa ./Drivers/STM32F4xx_HAL_Driver/Src/stm32f4xx_hal_pcd.o
 .debug_rnglists
                0x00000481       0x26 ./Drivers/STM32F4xx_HAL_Driver/Src/stm32f4xx_hal_pcd_ex.o
 .debug_rnglists
                0x000004a7       0x66 ./Drivers/STM32F4xx_HAL_Driver/Src/stm32f4xx_hal_rcc.o
 .debug_rnglists
                0x0000050d      0x16f ./Drivers/STM32F4xx_HAL_Driver/Src/stm32f4xx_hal_spi.o
 .debug_rnglists
                0x0000067c      0x31a ./Drivers/STM32F4xx_HAL_Driver/Src/stm32f4xx_hal_tim.o
 .debug_rnglists
                0x00000996      0x125 ./Drivers/STM32F4xx_HAL_Driver/Src/stm32f4xx_hal_tim_ex.o
 .debug_rnglists
                0x00000abb      0x1bc ./Drivers/STM32F4xx_HAL_Driver/Src/stm32f4xx_hal_uart.o
 .debug_rnglists
                0x00000c77      0x147 ./Drivers/STM32F4xx_HAL_Driver/Src/stm32f4xx_ll_usb.o
 .debug_rnglists
                0x00000dbe       0x7a ./Middlewares/ST/STM32_USB_Device_Library/Class/AUDIO/Src/usbd_audio.o
 .debug_rnglists
                0x00000e38       0xa1 ./Middlewares/ST/STM32_USB_Device_Library/Core/Src/usbd_core.o
 .debug_rnglists
                0x00000ed9       0x6e ./Middlewares/ST/STM32_USB_Device_Library/Core/Src/usbd_ctlreq.o
 .debug_rnglists
                0x00000f47       0x37 ./Middlewares/ST/STM32_USB_Device_Library/Core/Src/usbd_ioreq.o
 .debug_rnglists
                0x00000f7e       0x13 ./USB_DEVICE/App/usb_device.o
 .debug_rnglists
                0x00000f91       0x43 ./USB_DEVICE/App/usbd_audio_if.o
 .debug_rnglists
                0x00000fd4       0x43 ./USB_DEVICE/App/usbd_desc.o
 .debug_rnglists
                0x00001017       0xc9 ./USB_DEVICE/Target/usbd_conf.o

.debug_macro    0x00000000    0x24eb7
 .debug_macro   0x00000000      0x21f ./Core/Src/gpio.o
 .debug_macro   0x0000021f      0xad8 ./Core/Src/gpio.o
 .debug_macro   0x00000cf7      0x2ad ./Core/Src/gpio.o
 .debug_macro   0x00000fa4       0x2e ./Core/Src/gpio.o
 .debug_macro   0x00000fd2       0x2f ./Core/Src/gpio.o
 .debug_macro   0x00001001       0x22 ./Core/Src/gpio.o
 .debug_macro   0x00001023       0x8e ./Core/Src/gpio.o
 .debug_macro   0x000010b1       0x51 ./Core/Src/gpio.o
 .debug_macro   0x00001102      0x103 ./Core/Src/gpio.o
 .debug_macro   0x00001205       0x6a ./Core/Src/gpio.o
 .debug_macro   0x0000126f      0x1df ./Core/Src/gpio.o
 .debug_macro   0x0000144e       0x1c ./Core/Src/gpio.o
 .debug_macro   0x0000146a       0x22 ./Core/Src/gpio.o
 .debug_macro   0x0000148c       0xfb ./Core/Src/gpio.o
 .debug_macro   0x00001587     0x1011 ./Core/Src/gpio.o
 .debug_macro   0x00002598      0x11f ./Core/Src/gpio.o
 .debug_macro   0x000026b7    0x15ea5 ./Core/Src/gpio.o
 .debug_macro   0x0001855c       0x6d ./Core/Src/gpio.o
 .debug_macro   0x000185c9     0x3693 ./Core/Src/gpio.o
 .debug_macro   0x0001bc5c      0x190 ./Core/Src/gpio.o
 .debug_macro   0x0001bdec       0x5c ./Core/Src/gpio.o
 .debug_macro   0x0001be48      0x980 ./Core/Src/gpio.o
 .debug_macro   0x0001c7c8      0x9e9 ./Core/Src/gpio.o
 .debug_macro   0x0001d1b1      0x115 ./Core/Src/gpio.o
 .debug_macro   0x0001d2c6      0x13e ./Core/Src/gpio.o
 .debug_macro   0x0001d404       0xa5 ./Core/Src/gpio.o
 .debug_macro   0x0001d4a9      0x174 ./Core/Src/gpio.o
 .debug_macro   0x0001d61d      0x287 ./Core/Src/gpio.o
 .debug_macro   0x0001d8a4       0x5f ./Core/Src/gpio.o
 .debug_macro   0x0001d903      0x236 ./Core/Src/gpio.o
 .debug_macro   0x0001db39      0x12c ./Core/Src/gpio.o
 .debug_macro   0x0001dc65      0x21e ./Core/Src/gpio.o
 .debug_macro   0x0001de83       0x2e ./Core/Src/gpio.o
 .debug_macro   0x0001deb1       0x78 ./Core/Src/gpio.o
 .debug_macro   0x0001df29      0x127 ./Core/Src/gpio.o
 .debug_macro   0x0001e050       0x7e ./Core/Src/gpio.o
 .debug_macro   0x0001e0ce       0x89 ./Core/Src/gpio.o
 .debug_macro   0x0001e157      0x225 ./Core/Src/gpio.o
 .debug_macro   0x0001e37c      0x8ed ./Core/Src/gpio.o
 .debug_macro   0x0001ec69       0x4d ./Core/Src/gpio.o
 .debug_macro   0x0001ecb6      0x2aa ./Core/Src/gpio.o
 .debug_macro   0x0001ef60      0x293 ./Core/Src/gpio.o
 .debug_macro   0x0001f1f3       0xba ./Core/Src/gpio.o
 .debug_macro   0x0001f2ad      0x12d ./Core/Src/gpio.o
 .debug_macro   0x0001f3da       0x46 ./Core/Src/gpio.o
 .debug_macro   0x0001f420      0x21f ./Core/Src/iwdg.o
 .debug_macro   0x0001f63f      0x3af ./Core/Src/main.o
 .debug_macro   0x0001f9ee       0x61 ./Core/Src/main.o
 .debug_macro   0x0001fa4f       0x2a ./Core/Src/main.o
 .debug_macro   0x0001fa79       0x43 ./Core/Src/main.o
 .debug_macro   0x0001fabc       0x34 ./Core/Src/main.o
 .debug_macro   0x0001faf0       0x16 ./Core/Src/main.o
 .debug_macro   0x0001fb06       0x3c ./Core/Src/main.o
 .debug_macro   0x0001fb42      0x364 ./Core/Src/main.o
 .debug_macro   0x0001fea6       0x10 ./Core/Src/main.o
 .debug_macro   0x0001feb6       0x16 ./Core/Src/main.o
 .debug_macro   0x0001fecc       0x4a ./Core/Src/main.o
 .debug_macro   0x0001ff16       0x34 ./Core/Src/main.o
 .debug_macro   0x0001ff4a       0x10 ./Core/Src/main.o
 .debug_macro   0x0001ff5a       0x58 ./Core/Src/main.o
 .debug_macro   0x0001ffb2       0x8e ./Core/Src/main.o
 .debug_macro   0x00020040       0x1c ./Core/Src/main.o
 .debug_macro   0x0002005c      0x17e ./Core/Src/main.o
 .debug_macro   0x000201da       0x16 ./Core/Src/main.o
 .debug_macro   0x000201f0       0x16 ./Core/Src/main.o
 .debug_macro   0x00020206      0x146 ./Core/Src/main.o
 .debug_macro   0x0002034c       0x16 ./Core/Src/main.o
 .debug_macro   0x00020362       0x16 ./Core/Src/main.o
 .debug_macro   0x00020378       0x29 ./Core/Src/main.o
 .debug_macro   0x000203a1       0x16 ./Core/Src/main.o
 .debug_macro   0x000203b7       0x20 ./Core/Src/main.o
 .debug_macro   0x000203d7       0x6b ./Core/Src/main.o
 .debug_macro   0x00020442      0x20f ./Core/Src/main.o
 .debug_macro   0x00020651      0x21f ./Core/Src/spi.o
 .debug_macro   0x00020870      0x215 ./Core/Src/stm32f4xx_hal_msp.o
 .debug_macro   0x00020a85      0x21f ./Core/Src/stm32f4xx_it.o
 .debug_macro   0x00020ca4      0x206 ./Core/Src/system_stm32f4xx.o
 .debug_macro   0x00020eaa      0x21f ./Core/Src/tim.o
 .debug_macro   0x000210c9      0x21f ./Core/Src/usart.o
 .debug_macro   0x000212e8      0x266 ./Drivers/STM32F4xx_HAL_Driver/Src/stm32f4xx_hal.o
 .debug_macro   0x0002154e      0x206 ./Drivers/STM32F4xx_HAL_Driver/Src/stm32f4xx_hal_cortex.o
 .debug_macro   0x00021754      0x20c ./Drivers/STM32F4xx_HAL_Driver/Src/stm32f4xx_hal_gpio.o
 .debug_macro   0x00021960      0x212 ./Drivers/STM32F4xx_HAL_Driver/Src/stm32f4xx_hal_iwdg.o
 .debug_macro   0x00021b72      0x212 ./Drivers/STM32F4xx_HAL_Driver/Src/stm32f4xx_hal_pcd.o
 .debug_macro   0x00021d84      0x206 ./Drivers/STM32F4xx_HAL_Driver/Src/stm32f4xx_hal_pcd_ex.o
 .debug_macro   0x00021f8a      0x22a ./Drivers/STM32F4xx_HAL_Driver/Src/stm32f4xx_hal_rcc.o
 .debug_macro   0x000221b4      0x215 ./Drivers/STM32F4xx_HAL_Driver/Src/stm32f4xx_hal_spi.o
 .debug_macro   0x000223c9      0x207 ./Drivers/STM32F4xx_HAL_Driver/Src/stm32f4xx_hal_tim.o
 .debug_macro   0x000225d0      0x206 ./Drivers/STM32F4xx_HAL_Driver/Src/stm32f4xx_hal_tim_ex.o
 .debug_macro   0x000227d6      0x207 ./Drivers/STM32F4xx_HAL_Driver/Src/stm32f4xx_hal_uart.o
 .debug_macro   0x000229dd      0x206 ./Drivers/STM32F4xx_HAL_Driver/Src/stm32f4xx_ll_usb.o
 .debug_macro   0x00022be3      0x3b0 ./Middlewares/ST/STM32_USB_Device_Library/Class/AUDIO/Src/usbd_audio.o
 .debug_macro   0x00022f93       0x9e ./Middlewares/ST/STM32_USB_Device_Library/Class/AUDIO/Src/usbd_audio.o
 .debug_macro   0x00023031      0x112 ./Middlewares/ST/STM32_USB_Device_Library/Class/AUDIO/Src/usbd_audio.o
 .debug_macro   0x00023143       0x56 ./Middlewares/ST/STM32_USB_Device_Library/Class/AUDIO/Src/usbd_audio.o
 .debug_macro   0x00023199       0xe9 ./Middlewares/ST/STM32_USB_Device_Library/Class/AUDIO/Src/usbd_audio.o
 .debug_macro   0x00023282      0x38b ./Middlewares/ST/STM32_USB_Device_Library/Core/Src/usbd_core.o
 .debug_macro   0x0002360d      0x215 ./Middlewares/ST/STM32_USB_Device_Library/Core/Src/usbd_core.o
 .debug_macro   0x00023822      0x395 ./Middlewares/ST/STM32_USB_Device_Library/Core/Src/usbd_ctlreq.o
 .debug_macro   0x00023bb7      0x391 ./Middlewares/ST/STM32_USB_Device_Library/Core/Src/usbd_ioreq.o
 .debug_macro   0x00023f48      0x3c5 ./USB_DEVICE/App/usb_device.o
 .debug_macro   0x0002430d       0x4c ./USB_DEVICE/App/usb_device.o
 .debug_macro   0x00024359       0x22 ./USB_DEVICE/App/usb_device.o
 .debug_macro   0x0002437b      0x3aa ./USB_DEVICE/App/usbd_audio_if.o
 .debug_macro   0x00024725      0x3ce ./USB_DEVICE/App/usbd_desc.o
 .debug_macro   0x00024af3       0x1c ./USB_DEVICE/App/usbd_desc.o
 .debug_macro   0x00024b0f      0x3a8 ./USB_DEVICE/Target/usbd_conf.o

.debug_line     0x00000000    0x1c86d
 .debug_line    0x00000000      0x7fa ./Core/Src/gpio.o
 .debug_line    0x000007fa      0x7d1 ./Core/Src/iwdg.o
 .debug_line    0x00000fcb      0xa9f ./Core/Src/main.o
 .debug_line    0x00001a6a      0x848 ./Core/Src/spi.o
 .debug_line    0x000022b2      0x7c0 ./Core/Src/stm32f4xx_hal_msp.o
 .debug_line    0x00002a72      0x932 ./Core/Src/stm32f4xx_it.o
 .debug_line    0x000033a4      0x836 ./Core/Src/system_stm32f4xx.o
 .debug_line    0x00003bda      0xc90 ./Core/Src/tim.o
 .debug_line    0x0000486a      0x82e ./Core/Src/usart.o
 .debug_line    0x00005098       0x7a ./Core/Startup/startup_stm32f407zgtx.o
 .debug_line    0x00005112      0xab5 ./Drivers/STM32F4xx_HAL_Driver/Src/stm32f4xx_hal.o
 .debug_line    0x00005bc7      0xd82 ./Drivers/STM32F4xx_HAL_Driver/Src/stm32f4xx_hal_cortex.o
 .debug_line    0x00006949      0xc07 ./Drivers/STM32F4xx_HAL_Driver/Src/stm32f4xx_hal_gpio.o
 .debug_line    0x00007550      0x83f ./Drivers/STM32F4xx_HAL_Driver/Src/stm32f4xx_hal_iwdg.o
 .debug_line    0x00007d8f     0x14fb ./Drivers/STM32F4xx_HAL_Driver/Src/stm32f4xx_hal_pcd.o
 .debug_line    0x0000928a      0x87b ./Drivers/STM32F4xx_HAL_Driver/Src/stm32f4xx_hal_pcd_ex.o
 .debug_line    0x00009b05      0xebf ./Drivers/STM32F4xx_HAL_Driver/Src/stm32f4xx_hal_rcc.o
 .debug_line    0x0000a9c4     0x1d4d ./Drivers/STM32F4xx_HAL_Driver/Src/stm32f4xx_hal_spi.o
 .debug_line    0x0000c711     0x382d ./Drivers/STM32F4xx_HAL_Driver/Src/stm32f4xx_hal_tim.o
 .debug_line    0x0000ff3e     0x1a12 ./Drivers/STM32F4xx_HAL_Driver/Src/stm32f4xx_hal_tim_ex.o
 .debug_line    0x00011950     0x25fa ./Drivers/STM32F4xx_HAL_Driver/Src/stm32f4xx_hal_uart.o
 .debug_line    0x00013f4a     0x1dec ./Drivers/STM32F4xx_HAL_Driver/Src/stm32f4xx_ll_usb.o
 .debug_line    0x00015d36      0xf42 ./Middlewares/ST/STM32_USB_Device_Library/Class/AUDIO/Src/usbd_audio.o
 .debug_line    0x00016c78      0xfd8 ./Middlewares/ST/STM32_USB_Device_Library/Core/Src/usbd_core.o
 .debug_line    0x00017c50     0x119a ./Middlewares/ST/STM32_USB_Device_Library/Core/Src/usbd_ctlreq.o
 .debug_line    0x00018dea      0xadf ./Middlewares/ST/STM32_USB_Device_Library/Core/Src/usbd_ioreq.o
 .debug_line    0x000198c9      0xaab ./USB_DEVICE/App/usb_device.o
 .debug_line    0x0001a374      0xb25 ./USB_DEVICE/App/usbd_audio_if.o
 .debug_line    0x0001ae99      0xb4e ./USB_DEVICE/App/usbd_desc.o
 .debug_line    0x0001b9e7      0xe86 ./USB_DEVICE/Target/usbd_conf.o

.debug_str      0x00000000    0xd1846
 .debug_str     0x00000000    0xd1846 ./Core/Src/gpio.o
                              0xc73fd (size before relaxing)
 .debug_str     0x000d1846    0xc6db9 ./Core/Src/iwdg.o
 .debug_str     0x000d1846    0xcb37c ./Core/Src/main.o
 .debug_str     0x000d1846    0xc7369 ./Core/Src/spi.o
 .debug_str     0x000d1846    0xc6e12 ./Core/Src/stm32f4xx_hal_msp.o
 .debug_str     0x000d1846    0xc7794 ./Core/Src/stm32f4xx_it.o
 .debug_str     0x000d1846    0xc6da2 ./Core/Src/system_stm32f4xx.o
 .debug_str     0x000d1846    0xc7c39 ./Core/Src/tim.o
 .debug_str     0x000d1846    0xc739a ./Core/Src/usart.o
 .debug_str     0x000d1846       0x6f ./Core/Startup/startup_stm32f407zgtx.o
 .debug_str     0x000d1846    0xc7926 ./Drivers/STM32F4xx_HAL_Driver/Src/stm32f4xx_hal.o
 .debug_str     0x000d1846    0xc76a2 ./Drivers/STM32F4xx_HAL_Driver/Src/stm32f4xx_hal_cortex.o
 .debug_str     0x000d1846    0xc6f1d ./Drivers/STM32F4xx_HAL_Driver/Src/stm32f4xx_hal_gpio.o
 .debug_str     0x000d1846    0xc6d59 ./Drivers/STM32F4xx_HAL_Driver/Src/stm32f4xx_hal_iwdg.o
 .debug_str     0x000d1846    0xc7880 ./Drivers/STM32F4xx_HAL_Driver/Src/stm32f4xx_hal_pcd.o
 .debug_str     0x000d1846    0xc7170 ./Drivers/STM32F4xx_HAL_Driver/Src/stm32f4xx_hal_pcd_ex.o
 .debug_str     0x000d1846    0xc71d6 ./Drivers/STM32F4xx_HAL_Driver/Src/stm32f4xx_hal_rcc.o
 .debug_str     0x000d1846    0xc7660 ./Drivers/STM32F4xx_HAL_Driver/Src/stm32f4xx_hal_spi.o
 .debug_str     0x000d1846    0xc812c ./Drivers/STM32F4xx_HAL_Driver/Src/stm32f4xx_hal_tim.o
 .debug_str     0x000d1846    0xc7938 ./Drivers/STM32F4xx_HAL_Driver/Src/stm32f4xx_hal_tim_ex.o
 .debug_str     0x000d1846    0xc77b7 ./Drivers/STM32F4xx_HAL_Driver/Src/stm32f4xx_hal_uart.o
 .debug_str     0x000d1846    0xc775b ./Drivers/STM32F4xx_HAL_Driver/Src/stm32f4xx_ll_usb.o
 .debug_str     0x000d1846    0xcbef9 ./Middlewares/ST/STM32_USB_Device_Library/Class/AUDIO/Src/usbd_audio.o
 .debug_str     0x000d1846    0xcb838 ./Middlewares/ST/STM32_USB_Device_Library/Core/Src/usbd_core.o
 .debug_str     0x000d1846    0xcb663 ./Middlewares/ST/STM32_USB_Device_Library/Core/Src/usbd_ctlreq.o
 .debug_str     0x000d1846    0xcb538 ./Middlewares/ST/STM32_USB_Device_Library/Core/Src/usbd_ioreq.o
 .debug_str     0x000d1846    0xcbaad ./USB_DEVICE/App/usb_device.o
 .debug_str     0x000d1846    0xcbb06 ./USB_DEVICE/App/usbd_audio_if.o
 .debug_str     0x000d1846    0xcb430 ./USB_DEVICE/App/usbd_desc.o
 .debug_str     0x000d1846    0xcc913 ./USB_DEVICE/Target/usbd_conf.o

.comment        0x00000000       0x43
 .comment       0x00000000       0x43 ./Core/Src/gpio.o
                                 0x44 (size before relaxing)
 .comment       0x00000043       0x44 ./Core/Src/iwdg.o
 .comment       0x00000043       0x44 ./Core/Src/main.o
 .comment       0x00000043       0x44 ./Core/Src/spi.o
 .comment       0x00000043       0x44 ./Core/Src/stm32f4xx_hal_msp.o
 .comment       0x00000043       0x44 ./Core/Src/stm32f4xx_it.o
 .comment       0x00000043       0x44 ./Core/Src/system_stm32f4xx.o
 .comment       0x00000043       0x44 ./Core/Src/tim.o
 .comment       0x00000043       0x44 ./Core/Src/usart.o
 .comment       0x00000043       0x44 ./Drivers/STM32F4xx_HAL_Driver/Src/stm32f4xx_hal.o
 .comment       0x00000043       0x44 ./Drivers/STM32F4xx_HAL_Driver/Src/stm32f4xx_hal_cortex.o
 .comment       0x00000043       0x44 ./Drivers/STM32F4xx_HAL_Driver/Src/stm32f4xx_hal_gpio.o
 .comment       0x00000043       0x44 ./Drivers/STM32F4xx_HAL_Driver/Src/stm32f4xx_hal_iwdg.o
 .comment       0x00000043       0x44 ./Drivers/STM32F4xx_HAL_Driver/Src/stm32f4xx_hal_pcd.o
 .comment       0x00000043       0x44 ./Drivers/STM32F4xx_HAL_Driver/Src/stm32f4xx_hal_pcd_ex.o
 .comment       0x00000043       0x44 ./Drivers/STM32F4xx_HAL_Driver/Src/stm32f4xx_hal_rcc.o
 .comment       0x00000043       0x44 ./Drivers/STM32F4xx_HAL_Driver/Src/stm32f4xx_hal_spi.o
 .comment       0x00000043       0x44 ./Drivers/STM32F4xx_HAL_Driver/Src/stm32f4xx_hal_tim.o
 .comment       0x00000043       0x44 ./Drivers/STM32F4xx_HAL_Driver/Src/stm32f4xx_hal_tim_ex.o
 .comment       0x00000043       0x44 ./Drivers/STM32F4xx_HAL_Driver/Src/stm32f4xx_hal_uart.o
 .comment       0x00000043       0x44 ./Drivers/STM32F4xx_HAL_Driver/Src/stm32f4xx_ll_usb.o
 .comment       0x00000043       0x44 ./Middlewares/ST/STM32_USB_Device_Library/Class/AUDIO/Src/usbd_audio.o
 .comment       0x00000043       0x44 ./Middlewares/ST/STM32_USB_Device_Library/Core/Src/usbd_core.o
 .comment       0x00000043       0x44 ./Middlewares/ST/STM32_USB_Device_Library/Core/Src/usbd_ctlreq.o
 .comment       0x00000043       0x44 ./Middlewares/ST/STM32_USB_Device_Library/Core/Src/usbd_ioreq.o